2026-06-05 06:12:29 | INFO     | src.data.loader              | Завантажую: D:\projects\pycharm\ffis\data\Date_final_dataset_balanced_float32.parquet
2026-06-05 06:12:30 | INFO     | src.data.loader              | Завантажено: (934586, 278) | 1043.0 MB
2026-06-05 06:12:30 | INFO     | src.data.loader              | Валідація: OK (278 колонок)
2026-06-05 06:12:31 | INFO     | src.data.loader              | Баланс: {1: 467293, 0: 467293}
2026-06-05 06:12:31 | INFO     | src.data.loader              | Вибірка 200000 рядків
2026-06-05 06:12:33 | INFO     | src.data.loader              | Після вибірки: (200000, 250) | is_fire: True
2026-06-05 06:12:33 | INFO     | src.data.loader              | Фінальний розмір: (200000, 250)
2026-06-05 06:12:39 | WARNING  | src.visualization.firms_loader | FIRMS: немає API ключа, використовую мок дані
2026-06-05 06:15:27 | INFO     | src.data.loader              | Завантажую: D:\projects\pycharm\ffis\data\Date_final_dataset_balanced_float32.parquet
2026-06-05 06:15:27 | INFO     | src.data.loader              | Завантажено: (934586, 278) | 1043.0 MB
2026-06-05 06:15:27 | INFO     | src.data.loader              | Валідація: OK (278 колонок)
2026-06-05 06:15:28 | INFO     | src.data.loader              | Баланс: {1: 467293, 0: 467293}
2026-06-05 06:15:28 | INFO     | src.data.loader              | Вибірка 200000 рядків
2026-06-05 06:15:29 | INFO     | src.data.loader              | Після вибірки: (200000, 250) | is_fire: True
2026-06-05 06:15:29 | INFO     | src.data.loader              | Фінальний розмір: (200000, 250)
2026-06-05 06:15:32 | INFO     | src.visualization.firms_loader | FIRMS: запит → https://firms.modaps.eosdis.nasa.gov/api/area/csv/2b55f93cb3b9ee472973e34016334f09/VIIRS_SNPP_NRT/-13.5,27.5,-1.0,35.8/10
2026-06-05 06:15:32 | WARNING  | src.visualization.firms_loader | FIRMS: помилка API (400 Client Error: Bad Request for url: https://firms.modaps.eosdis.nasa.gov/api/area/csv/2b55f93cb3b9ee472973e34016334f09/VIIRS_SNPP_NRT/-13.5,27.5,-1.0,35.8/10), використовую мок дані
2026-06-05 06:17:08 | INFO     | src.data.loader              | Завантажую: D:\projects\pycharm\ffis\data\Date_final_dataset_balanced_float32.parquet
2026-06-05 06:17:09 | INFO     | src.data.loader              | Завантажено: (934586, 278) | 1043.0 MB
2026-06-05 06:17:09 | INFO     | src.data.loader              | Валідація: OK (278 колонок)
2026-06-05 06:17:09 | INFO     | src.data.loader              | Баланс: {1: 467293, 0: 467293}
2026-06-05 06:17:09 | INFO     | src.data.loader              | Вибірка 200000 рядків
2026-06-05 06:17:10 | INFO     | src.data.loader              | Після вибірки: (200000, 250) | is_fire: True
2026-06-05 06:17:10 | INFO     | src.data.loader              | Фінальний розмір: (200000, 250)
2026-06-05 06:17:14 | INFO     | src.visualization.firms_loader | FIRMS: запит → https://firms.modaps.eosdis.nasa.gov/api/area/csv/2b55f93cb3b9ee472973e34016334f09/VIIRS_SNPP_NRT/-13.5,27.5,-1.0,35.8/10
2026-06-05 06:17:14 | WARNING  | src.visualization.firms_loader | FIRMS: помилка API (400 Client Error: Bad Request for url: https://firms.modaps.eosdis.nasa.gov/api/area/csv/2b55f93cb3b9ee472973e34016334f09/VIIRS_SNPP_NRT/-13.5,27.5,-1.0,35.8/10), використовую мок дані
2026-06-05 06:20:27 | INFO     | src.data.loader              | Завантажую: D:\projects\pycharm\ffis\data\Date_final_dataset_balanced_float32.parquet
2026-06-05 06:20:28 | INFO     | src.data.loader              | Завантажено: (934586, 278) | 1043.0 MB
2026-06-05 06:20:28 | INFO     | src.data.loader              | Валідація: OK (278 колонок)
2026-06-05 06:20:29 | INFO     | src.data.loader              | Баланс: {1: 467293, 0: 467293}
2026-06-05 06:20:29 | INFO     | src.data.loader              | Вибірка 200000 рядків
2026-06-05 06:20:30 | INFO     | src.data.loader              | Після вибірки: (200000, 250) | is_fire: True
2026-06-05 06:20:30 | INFO     | src.data.loader              | Фінальний розмір: (200000, 250)
2026-06-05 06:20:33 | INFO     | src.explainability.shap_explainer | SHAP TreeExplainer завантажено
2026-06-05 06:20:33 | INFO     | src.data.loader              | Завантажую: D:\projects\pycharm\ffis\data\Date_final_dataset_balanced_float32.parquet
2026-06-05 06:20:34 | INFO     | src.data.loader              | Завантажено: (934586, 278) | 1043.0 MB
2026-06-05 06:20:34 | INFO     | src.data.loader              | Валідація: OK (278 колонок)
2026-06-05 06:20:34 | INFO     | src.data.loader              | Баланс: {1: 467293, 0: 467293}
2026-06-05 06:20:34 | INFO     | src.data.loader              | Вибірка 1000 рядків
2026-06-05 06:20:35 | INFO     | src.data.loader              | Після вибірки: (1000, 250) | is_fire: True
2026-06-05 06:20:35 | INFO     | src.data.loader              | Фінальний розмір: (1000, 250)
2026-06-05 06:20:35 | INFO     | src.explainability.shap_explainer | SHAP global: 158 ознак
2026-06-05 06:20:35 | INFO     | app.state.session            | SHAP: реальні значення підключено
2026-06-05 06:31:53 | INFO     | train                        | =======================================================
2026-06-05 06:31:53 | INFO     | train                        |   FFIS — НАВЧАННЯ МОДЕЛЕЙ
2026-06-05 06:31:53 | INFO     | train                        | =======================================================
2026-06-05 06:31:53 | INFO     | train                        | Крок 1: Завантаження даних...
2026-06-05 06:31:53 | INFO     | src.data.loader              | Завантажую: D:\projects\pycharm\ffis\data\Date_final_dataset_balanced_float32.parquet
2026-06-05 06:31:54 | INFO     | src.data.loader              | Завантажено: (934586, 278) | 1043.0 MB
2026-06-05 06:31:54 | INFO     | src.data.loader              | Валідація: OK (278 колонок)
2026-06-05 06:31:54 | INFO     | src.data.loader              | Баланс: {1: 467293, 0: 467293}
2026-06-05 06:31:54 | INFO     | src.data.loader              | Вибірка 200000 рядків
2026-06-05 06:31:55 | INFO     | src.data.loader              | Після вибірки: (200000, 250) | is_fire: True
2026-06-05 06:31:55 | INFO     | src.data.loader              | Фінальний розмір: (200000, 250)
2026-06-05 06:31:55 | INFO     | train                        | Крок 2: Вибір ознак...
2026-06-05 06:31:55 | INFO     | train                        | Ознак для навчання: 158
2026-06-05 06:31:55 | INFO     | train                        | Крок 3: Розбивка даних...
2026-06-05 06:31:56 | INFO     | src.data.splitter            | Розбивка: {'train': (140000, 158), 'val': (20000, 158), 'test': (40000, 158)}
2026-06-05 06:31:56 | INFO     | train                        | Крок 4: Навчання XGBoost...
2026-06-05 06:31:56 | INFO     | src.training.trainer         | === Навчання: XGBoost ===
2026-06-05 06:31:56 | INFO     | src.features.engineering     | Imputer: 163 колонок
2026-06-05 06:31:56 | INFO     | src.features.engineering     | Winsorizer: 163 колонок
2026-06-05 06:31:57 | INFO     | src.features.engineering     | Log1p: 5 колонок
2026-06-05 06:31:57 | INFO     | src.features.engineering     | ColumnSelector: 158 / 163
2026-06-05 06:31:57 | INFO     | src.training.trainer         | Ознак після pipeline: 158
2026-06-05 06:31:57 | INFO     | src.models.base_model        | XGBoost: навчання на 140000 рядках
2026-06-05 06:32:06 | INFO     | src.training.trainer         | Час навчання: 10.2 сек
2026-06-05 06:32:06 | INFO     | train                        | Крок 5: Оцінка XGBoost...
2026-06-05 06:32:06 | INFO     | src.evaluation.evaluator     | Оцінка: XGBoost
2026-06-05 06:32:06 | INFO     | src.evaluation.evaluator     | AUC=0.9905  F1=0.9526  Acc=0.9517
2026-06-05 06:32:06 | INFO     | src.models.base_model        | XGBoost збережено → D:\projects\pycharm\ffis\artifacts\models\xgboost_v1.joblib
2026-06-05 06:32:06 | INFO     | src.training.trainer         | Артефакти збережено
2026-06-05 06:32:06 | INFO     | train                        | Крок 4: Навчання RandomForest...
2026-06-05 06:32:06 | INFO     | src.training.trainer         | === Навчання: RandomForest ===
2026-06-05 06:32:07 | INFO     | src.features.engineering     | Imputer: 163 колонок
2026-06-05 06:32:07 | INFO     | src.features.engineering     | Winsorizer: 163 колонок
2026-06-05 06:32:07 | INFO     | src.features.engineering     | Log1p: 5 колонок
2026-06-05 06:32:08 | INFO     | src.features.engineering     | ColumnSelector: 158 / 163
2026-06-05 06:32:08 | INFO     | src.training.trainer         | Ознак після pipeline: 158
2026-06-05 06:32:08 | INFO     | src.models.base_model        | RandomForest: навчання на 140000 рядках
2026-06-05 06:32:39 | INFO     | src.training.trainer         | Час навчання: 32.6 сек
2026-06-05 06:32:39 | INFO     | train                        | Крок 5: Оцінка RandomForest...
2026-06-05 06:32:39 | INFO     | src.evaluation.evaluator     | Оцінка: RandomForest
2026-06-05 06:32:40 | INFO     | src.evaluation.evaluator     | AUC=0.9767  F1=0.9187  Acc=0.9155
2026-06-05 06:32:40 | INFO     | src.models.base_model        | RandomForest збережено → D:\projects\pycharm\ffis\artifacts\models\randomforest_v1.joblib
2026-06-05 06:32:40 | INFO     | src.training.trainer         | Артефакти збережено
2026-06-05 06:32:40 | INFO     | train                        | Крок 4: Навчання LogisticRegression...
2026-06-05 06:32:40 | INFO     | src.training.trainer         | === Навчання: LogisticRegression ===
2026-06-05 06:32:40 | INFO     | src.features.engineering     | Imputer: 163 колонок
2026-06-05 06:32:41 | INFO     | src.features.engineering     | Winsorizer: 163 колонок
2026-06-05 06:32:41 | INFO     | src.features.engineering     | Log1p: 5 колонок
2026-06-05 06:32:41 | INFO     | src.features.engineering     | ColumnSelector: 158 / 163
2026-06-05 06:32:41 | INFO     | src.features.engineering     | Scaler: 158 колонок
2026-06-05 06:32:41 | INFO     | src.training.trainer         | Ознак після pipeline: 158
2026-06-05 06:32:41 | INFO     | src.models.base_model        | LogisticRegression: навчання на 140000 рядках
2026-06-05 06:32:46 | INFO     | src.training.trainer         | Час навчання: 6.0 сек
2026-06-05 06:32:46 | INFO     | train                        | Крок 5: Оцінка LogisticRegression...
2026-06-05 06:32:46 | INFO     | src.evaluation.evaluator     | Оцінка: LogisticRegression
2026-06-05 06:32:46 | INFO     | src.evaluation.evaluator     | AUC=0.8975  F1=0.8287  Acc=0.8204
2026-06-05 06:32:46 | INFO     | src.models.base_model        | LogisticRegression збережено → D:\projects\pycharm\ffis\artifacts\models\logisticregression_v1.joblib
2026-06-05 06:32:46 | INFO     | src.training.trainer         | Артефакти збережено
2026-06-05 06:32:46 | INFO     | train                        | Крок 4: Навчання SVM...
2026-06-05 06:32:46 | INFO     | src.training.trainer         | === Навчання: SVM ===
2026-06-05 06:32:47 | INFO     | src.features.engineering     | Imputer: 163 колонок
2026-06-05 06:32:47 | INFO     | src.features.engineering     | Winsorizer: 163 колонок
2026-06-05 06:32:47 | INFO     | src.features.engineering     | Log1p: 5 колонок
2026-06-05 06:32:47 | INFO     | src.features.engineering     | ColumnSelector: 158 / 163
2026-06-05 06:32:47 | INFO     | src.features.engineering     | Scaler: 158 колонок
2026-06-05 06:32:47 | INFO     | src.training.trainer         | Ознак після pipeline: 158
2026-06-05 06:32:47 | INFO     | src.models.base_model        | SVM: навчання на 20000 рядках
2026-06-05 06:35:33 | INFO     | src.training.trainer         | Час навчання: 166.8 сек
2026-06-05 06:35:33 | INFO     | train                        | Крок 5: Оцінка SVM...
2026-06-05 06:35:34 | INFO     | src.evaluation.evaluator     | Оцінка: SVM
2026-06-05 06:36:52 | INFO     | src.evaluation.evaluator     | AUC=0.9208  F1=0.8607  Acc=0.8543
2026-06-05 06:36:52 | INFO     | src.models.base_model        | SVM збережено → D:\projects\pycharm\ffis\artifacts\models\svm_v1.joblib
2026-06-05 06:36:52 | INFO     | src.training.trainer         | Артефакти збережено
2026-06-05 06:36:52 | INFO     | train                        | Результати збережено: D:\projects\pycharm\ffis\artifacts\reports\model_comparison.json
2026-06-05 06:36:52 | INFO     | train                        | =======================================================
2026-06-05 06:36:52 | INFO     | train                        |   ПІДСУМОК
2026-06-05 06:36:52 | INFO     | train                        | =======================================================
2026-06-05 06:36:52 | INFO     | train                        | XGBoost                    AUC=0.9905  F1=0.9526
2026-06-05 06:36:52 | INFO     | train                        | RandomForest               AUC=0.9767  F1=0.9187
2026-06-05 06:36:52 | INFO     | train                        | LogisticRegression         AUC=0.8975  F1=0.8287
2026-06-05 06:36:52 | INFO     | train                        | SVM                        AUC=0.9208  F1=0.8607
2026-06-05 06:39:41 | INFO     | src.data.loader              | Завантажую: D:\projects\pycharm\ffis\data\Date_final_dataset_balanced_float32.parquet
2026-06-05 06:39:41 | INFO     | src.data.loader              | Завантажено: (934586, 278) | 1043.0 MB
2026-06-05 06:39:41 | INFO     | src.data.loader              | Валідація: OK (278 колонок)
2026-06-05 06:39:42 | INFO     | src.data.loader              | Баланс: {1: 467293, 0: 467293}
2026-06-05 06:39:42 | INFO     | src.data.loader              | Вибірка 200000 рядків
2026-06-05 06:39:43 | INFO     | src.data.loader              | Після вибірки: (200000, 250) | is_fire: True
2026-06-05 06:39:43 | INFO     | src.data.loader              | Фінальний розмір: (200000, 250)
2026-06-05 06:39:46 | INFO     | src.explainability.shap_explainer | SHAP TreeExplainer завантажено
2026-06-05 06:39:46 | INFO     | src.data.loader              | Завантажую: D:\projects\pycharm\ffis\data\Date_final_dataset_balanced_float32.parquet
2026-06-05 06:39:46 | INFO     | src.data.loader              | Завантажено: (934586, 278) | 1043.0 MB
2026-06-05 06:39:46 | INFO     | src.data.loader              | Валідація: OK (278 колонок)
2026-06-05 06:39:47 | INFO     | src.data.loader              | Баланс: {1: 467293, 0: 467293}
2026-06-05 06:39:47 | INFO     | src.data.loader              | Вибірка 1000 рядків
2026-06-05 06:39:47 | INFO     | src.data.loader              | Після вибірки: (1000, 250) | is_fire: True
2026-06-05 06:39:47 | INFO     | src.data.loader              | Фінальний розмір: (1000, 250)
2026-06-05 06:39:48 | INFO     | src.explainability.shap_explainer | SHAP global: 158 ознак
2026-06-05 06:39:48 | INFO     | app.state.session            | SHAP: реальні значення підключено
2026-06-05 06:40:05 | WARNING  | app.state.session            | Помилка реального прогнозу: feature_names mismatch: ['latitude', 'longitude', 'is_holiday', 'day_of_week', 'day_of_year', 'is_weekend', 'NDVI', 'SoilMoisture', 'sea_distance', 'station_lat', 'station_lon', 'average_temperature_lag_1', 'average_temperature_lag_2', 'average_temperature_lag_3', 'average_temperature_lag_4', 'average_temperature_lag_5', 'average_temperature_lag_6', 'average_temperature_lag_7', 'maximum_temperature_lag_1', 'maximum_temperature_lag_2', 'maximum_temperature_lag_3', 'maximum_temperature_lag_4', 'maximum_temperature_lag_5', 'maximum_temperature_lag_6', 'maximum_temperature_lag_7', 'minimum_temperature_lag_1', 'minimum_temperature_lag_2', 'minimum_temperature_lag_3', 'minimum_temperature_lag_4', 'minimum_temperature_lag_5', 'minimum_temperature_lag_6', 'minimum_temperature_lag_7', 'precipitation_lag_1', 'precipitation_lag_2', 'precipitation_lag_3', 'precipitation_lag_4', 'precipitation_lag_5', 'precipitation_lag_6', 'precipitation_lag_7', 'snow_depth_lag_1', 'snow_depth_lag_2', 'snow_depth_lag_3', 'snow_depth_lag_4', 'snow_depth_lag_5', 'snow_depth_lag_6', 'snow_depth_lag_7', 'wind_speed_lag_1', 'wind_speed_lag_2', 'wind_speed_lag_3', 'wind_speed_lag_4', 'wind_speed_lag_5', 'wind_speed_lag_6', 'wind_speed_lag_7', 'maximum_sustained_wind_speed_lag_1', 'maximum_sustained_wind_speed_lag_2', 'maximum_sustained_wind_speed_lag_3', 'maximum_sustained_wind_speed_lag_4', 'maximum_sustained_wind_speed_lag_5', 'maximum_sustained_wind_speed_lag_6', 'maximum_sustained_wind_speed_lag_7', 'wind_gust_lag_1', 'wind_gust_lag_2', 'wind_gust_lag_3', 'wind_gust_lag_4', 'wind_gust_lag_5', 'wind_gust_lag_6', 'wind_gust_lag_7', 'dew_point_lag_1', 'dew_point_lag_2', 'dew_point_lag_3', 'dew_point_lag_4', 'dew_point_lag_5', 'dew_point_lag_6', 'dew_point_lag_7', 'fog_lag_1', 'fog_lag_2', 'fog_lag_3', 'fog_lag_4', 'fog_lag_5', 'fog_lag_6', 'fog_lag_7', 'thunder_lag_1', 'thunder_lag_2', 'thunder_lag_3', 'thunder_lag_4', 'thunder_lag_5', 'thunder_lag_6', 'thunder_lag_7', 'average_temperature_weekly_mean', 'maximum_temperature_weekly_mean', 'minimum_temperature_weekly_mean', 'precipitation_weekly_mean', 'snow_depth_weekly_mean', 'wind_gust_weekly_mean', 'dew_point_weekly_mean', 'average_temperature_last_1_year', 'average_temperature_last_2_year', 'average_temperature_last_3_year', 'maximum_temperature_last_1_year', 'maximum_temperature_last_2_year', 'maximum_temperature_last_3_year', 'minimum_temperature_last_1_year', 'minimum_temperature_last_2_year', 'minimum_temperature_last_3_year', 'precipitation_last_1_year', 'precipitation_last_2_year', 'precipitation_last_3_year', 'snow_depth_last_1_year', 'snow_depth_last_2_year', 'snow_depth_last_3_year', 'wind_gust_last_1_year', 'wind_gust_last_2_year', 'wind_gust_last_3_year', 'dew_point_last_1_year', 'dew_point_last_2_year', 'dew_point_last_3_year', 'average_temperature_monthly_mean', 'maximum_temperature_monthly_mean', 'minimum_temperature_monthly_mean', 'precipitation_monthly_mean', 'snow_depth_monthly_mean', 'wind_gust_monthly_mean', 'dew_point_monthly_mean', 'average_temperature_last_1_year_monthly_mean', 'average_temperature_last_2_year_monthly_mean', 'average_temperature_last_3_year_monthly_mean', 'maximum_temperature_last_1_year_monthly_mean', 'maximum_temperature_last_2_year_monthly_mean', 'maximum_temperature_last_3_year_monthly_mean', 'minimum_temperature_last_1_year_monthly_mean', 'minimum_temperature_last_2_year_monthly_mean', 'minimum_temperature_last_3_year_monthly_mean', 'precipitation_last_1_year_monthly_mean', 'precipitation_last_2_year_monthly_mean', 'precipitation_last_3_year_monthly_mean', 'snow_depth_last_1_year_monthly_mean', 'snow_depth_last_2_year_monthly_mean', 'snow_depth_last_3_year_monthly_mean', 'wind_gust_last_1_year_monthly_mean', 'wind_gust_last_2_year_monthly_mean', 'wind_gust_last_3_year_monthly_mean', 'dew_point_last_1_year_monthly_mean', 'dew_point_last_2_year_monthly_mean', 'dew_point_last_3_year_monthly_mean', 'average_temperature_quarterly_mean', 'maximum_temperature_quarterly_mean', 'minimum_temperature_quarterly_mean', 'precipitation_quarterly_mean', 'snow_depth_quarterly_mean', 'wind_gust_quarterly_mean', 'dew_point_quarterly_mean', 'average_temperature_yearly_mean', 'maximum_temperature_yearly_mean', 'minimum_temperature_yearly_mean', 'precipitation_yearly_mean', 'snow_depth_yearly_mean', 'wind_gust_yearly_mean', 'dew_point_yearly_mean'] ['NDVI', 'SoilMoisture', 'latitude', 'longitude', 'sea_distance', 'day_of_week', 'day_of_year', 'is_weekend', 'is_holiday', 'average_temperature_lag_1', 'maximum_temperature_lag_1', 'minimum_temperature_lag_1', 'precipitation_lag_1', 'wind_speed_lag_1', 'maximum_sustained_wind_speed_lag_1', 'wind_gust_lag_1', 'dew_point_lag_1', 'snow_depth_lag_1', 'fog_lag_1', 'thunder_lag_1', 'average_temperature_lag_2', 'average_temperature_lag_3', 'average_temperature_lag_4', 'average_temperature_lag_5', 'average_temperature_lag_6', 'average_temperature_lag_7', 'maximum_temperature_lag_2', 'maximum_temperature_lag_3', 'maximum_temperature_lag_4', 'maximum_temperature_lag_5', 'maximum_temperature_lag_6', 'maximum_temperature_lag_7', 'minimum_temperature_lag_2', 'minimum_temperature_lag_3', 'minimum_temperature_lag_4', 'minimum_temperature_lag_5', 'minimum_temperature_lag_6', 'minimum_temperature_lag_7', 'precipitation_lag_2', 'precipitation_lag_3', 'precipitation_lag_4', 'precipitation_lag_5', 'precipitation_lag_6', 'precipitation_lag_7', 'wind_speed_lag_2', 'wind_speed_lag_3', 'wind_speed_lag_4', 'wind_speed_lag_5', 'wind_speed_lag_6', 'wind_speed_lag_7', 'maximum_sustained_wind_speed_lag_2', 'maximum_sustained_wind_speed_lag_3', 'maximum_sustained_wind_speed_lag_4', 'maximum_sustained_wind_speed_lag_5', 'maximum_sustained_wind_speed_lag_6', 'maximum_sustained_wind_speed_lag_7', 'wind_gust_lag_2', 'wind_gust_lag_3', 'wind_gust_lag_4', 'wind_gust_lag_5', 'wind_gust_lag_6', 'wind_gust_lag_7', 'dew_point_lag_2', 'dew_point_lag_3', 'dew_point_lag_4', 'dew_point_lag_5', 'dew_point_lag_6', 'dew_point_lag_7', 'snow_depth_lag_2', 'snow_depth_lag_3', 'snow_depth_lag_4', 'snow_depth_lag_5', 'snow_depth_lag_6', 'snow_depth_lag_7', 'fog_lag_2', 'fog_lag_3', 'fog_lag_4', 'fog_lag_5', 'fog_lag_6', 'fog_lag_7', 'thunder_lag_2', 'thunder_lag_3', 'thunder_lag_4', 'thunder_lag_5', 'thunder_lag_6', 'thunder_lag_7', 'average_temperature_weekly_mean', 'average_temperature_monthly_mean', 'average_temperature_quarterly_mean', 'average_temperature_yearly_mean', 'average_temperature_last_1_year', 'average_temperature_last_2_year', 'average_temperature_last_3_year', 'maximum_temperature_weekly_mean', 'maximum_temperature_monthly_mean', 'maximum_temperature_quarterly_mean', 'maximum_temperature_yearly_mean', 'maximum_temperature_last_1_year', 'maximum_temperature_last_2_year', 'maximum_temperature_last_3_year', 'minimum_temperature_weekly_mean', 'minimum_temperature_monthly_mean', 'minimum_temperature_quarterly_mean', 'minimum_temperature_yearly_mean', 'minimum_temperature_last_1_year', 'minimum_temperature_last_2_year', 'minimum_temperature_last_3_year', 'precipitation_weekly_mean', 'precipitation_monthly_mean', 'precipitation_quarterly_mean', 'precipitation_yearly_mean', 'precipitation_last_1_year', 'precipitation_last_2_year', 'precipitation_last_3_year', 'wind_gust_weekly_mean', 'wind_gust_monthly_mean', 'wind_gust_quarterly_mean', 'wind_gust_yearly_mean', 'wind_gust_last_1_year', 'wind_gust_last_2_year', 'wind_gust_last_3_year', 'dew_point_weekly_mean', 'dew_point_monthly_mean', 'dew_point_quarterly_mean', 'dew_point_yearly_mean', 'dew_point_last_1_year', 'dew_point_last_2_year', 'dew_point_last_3_year', 'snow_depth_weekly_mean', 'snow_depth_monthly_mean', 'snow_depth_quarterly_mean', 'snow_depth_yearly_mean', 'snow_depth_last_1_year', 'snow_depth_last_2_year', 'snow_depth_last_3_year']
expected maximum_temperature_last_2_year_monthly_mean, snow_depth_last_1_year_monthly_mean, minimum_temperature_last_3_year_monthly_mean, snow_depth_last_3_year_monthly_mean, average_temperature_last_2_year_monthly_mean, minimum_temperature_last_2_year_monthly_mean, average_temperature_last_3_year_monthly_mean, dew_point_last_3_year_monthly_mean, minimum_temperature_last_1_year_monthly_mean, wind_gust_last_1_year_monthly_mean, snow_depth_last_2_year_monthly_mean, dew_point_last_2_year_monthly_mean, dew_point_last_1_year_monthly_mean, station_lat, average_temperature_last_1_year_monthly_mean, station_lon, precipitation_last_2_year_monthly_mean, wind_gust_last_3_year_monthly_mean, precipitation_last_1_year_monthly_mean, wind_gust_last_2_year_monthly_mean, maximum_temperature_last_1_year_monthly_mean, maximum_temperature_last_3_year_monthly_mean, precipitation_last_3_year_monthly_mean in input data. Використовую симуляцію.
2026-06-05 06:40:18 | WARNING  | app.state.session            | Помилка реального прогнозу: feature_names mismatch: ['latitude', 'longitude', 'is_holiday', 'day_of_week', 'day_of_year', 'is_weekend', 'NDVI', 'SoilMoisture', 'sea_distance', 'station_lat', 'station_lon', 'average_temperature_lag_1', 'average_temperature_lag_2', 'average_temperature_lag_3', 'average_temperature_lag_4', 'average_temperature_lag_5', 'average_temperature_lag_6', 'average_temperature_lag_7', 'maximum_temperature_lag_1', 'maximum_temperature_lag_2', 'maximum_temperature_lag_3', 'maximum_temperature_lag_4', 'maximum_temperature_lag_5', 'maximum_temperature_lag_6', 'maximum_temperature_lag_7', 'minimum_temperature_lag_1', 'minimum_temperature_lag_2', 'minimum_temperature_lag_3', 'minimum_temperature_lag_4', 'minimum_temperature_lag_5', 'minimum_temperature_lag_6', 'minimum_temperature_lag_7', 'precipitation_lag_1', 'precipitation_lag_2', 'precipitation_lag_3', 'precipitation_lag_4', 'precipitation_lag_5', 'precipitation_lag_6', 'precipitation_lag_7', 'snow_depth_lag_1', 'snow_depth_lag_2', 'snow_depth_lag_3', 'snow_depth_lag_4', 'snow_depth_lag_5', 'snow_depth_lag_6', 'snow_depth_lag_7', 'wind_speed_lag_1', 'wind_speed_lag_2', 'wind_speed_lag_3', 'wind_speed_lag_4', 'wind_speed_lag_5', 'wind_speed_lag_6', 'wind_speed_lag_7', 'maximum_sustained_wind_speed_lag_1', 'maximum_sustained_wind_speed_lag_2', 'maximum_sustained_wind_speed_lag_3', 'maximum_sustained_wind_speed_lag_4', 'maximum_sustained_wind_speed_lag_5', 'maximum_sustained_wind_speed_lag_6', 'maximum_sustained_wind_speed_lag_7', 'wind_gust_lag_1', 'wind_gust_lag_2', 'wind_gust_lag_3', 'wind_gust_lag_4', 'wind_gust_lag_5', 'wind_gust_lag_6', 'wind_gust_lag_7', 'dew_point_lag_1', 'dew_point_lag_2', 'dew_point_lag_3', 'dew_point_lag_4', 'dew_point_lag_5', 'dew_point_lag_6', 'dew_point_lag_7', 'fog_lag_1', 'fog_lag_2', 'fog_lag_3', 'fog_lag_4', 'fog_lag_5', 'fog_lag_6', 'fog_lag_7', 'thunder_lag_1', 'thunder_lag_2', 'thunder_lag_3', 'thunder_lag_4', 'thunder_lag_5', 'thunder_lag_6', 'thunder_lag_7', 'average_temperature_weekly_mean', 'maximum_temperature_weekly_mean', 'minimum_temperature_weekly_mean', 'precipitation_weekly_mean', 'snow_depth_weekly_mean', 'wind_gust_weekly_mean', 'dew_point_weekly_mean', 'average_temperature_last_1_year', 'average_temperature_last_2_year', 'average_temperature_last_3_year', 'maximum_temperature_last_1_year', 'maximum_temperature_last_2_year', 'maximum_temperature_last_3_year', 'minimum_temperature_last_1_year', 'minimum_temperature_last_2_year', 'minimum_temperature_last_3_year', 'precipitation_last_1_year', 'precipitation_last_2_year', 'precipitation_last_3_year', 'snow_depth_last_1_year', 'snow_depth_last_2_year', 'snow_depth_last_3_year', 'wind_gust_last_1_year', 'wind_gust_last_2_year', 'wind_gust_last_3_year', 'dew_point_last_1_year', 'dew_point_last_2_year', 'dew_point_last_3_year', 'average_temperature_monthly_mean', 'maximum_temperature_monthly_mean', 'minimum_temperature_monthly_mean', 'precipitation_monthly_mean', 'snow_depth_monthly_mean', 'wind_gust_monthly_mean', 'dew_point_monthly_mean', 'average_temperature_last_1_year_monthly_mean', 'average_temperature_last_2_year_monthly_mean', 'average_temperature_last_3_year_monthly_mean', 'maximum_temperature_last_1_year_monthly_mean', 'maximum_temperature_last_2_year_monthly_mean', 'maximum_temperature_last_3_year_monthly_mean', 'minimum_temperature_last_1_year_monthly_mean', 'minimum_temperature_last_2_year_monthly_mean', 'minimum_temperature_last_3_year_monthly_mean', 'precipitation_last_1_year_monthly_mean', 'precipitation_last_2_year_monthly_mean', 'precipitation_last_3_year_monthly_mean', 'snow_depth_last_1_year_monthly_mean', 'snow_depth_last_2_year_monthly_mean', 'snow_depth_last_3_year_monthly_mean', 'wind_gust_last_1_year_monthly_mean', 'wind_gust_last_2_year_monthly_mean', 'wind_gust_last_3_year_monthly_mean', 'dew_point_last_1_year_monthly_mean', 'dew_point_last_2_year_monthly_mean', 'dew_point_last_3_year_monthly_mean', 'average_temperature_quarterly_mean', 'maximum_temperature_quarterly_mean', 'minimum_temperature_quarterly_mean', 'precipitation_quarterly_mean', 'snow_depth_quarterly_mean', 'wind_gust_quarterly_mean', 'dew_point_quarterly_mean', 'average_temperature_yearly_mean', 'maximum_temperature_yearly_mean', 'minimum_temperature_yearly_mean', 'precipitation_yearly_mean', 'snow_depth_yearly_mean', 'wind_gust_yearly_mean', 'dew_point_yearly_mean'] ['NDVI', 'SoilMoisture', 'latitude', 'longitude', 'sea_distance', 'day_of_week', 'day_of_year', 'is_weekend', 'is_holiday', 'average_temperature_lag_1', 'maximum_temperature_lag_1', 'minimum_temperature_lag_1', 'precipitation_lag_1', 'wind_speed_lag_1', 'maximum_sustained_wind_speed_lag_1', 'wind_gust_lag_1', 'dew_point_lag_1', 'snow_depth_lag_1', 'fog_lag_1', 'thunder_lag_1', 'average_temperature_lag_2', 'average_temperature_lag_3', 'average_temperature_lag_4', 'average_temperature_lag_5', 'average_temperature_lag_6', 'average_temperature_lag_7', 'maximum_temperature_lag_2', 'maximum_temperature_lag_3', 'maximum_temperature_lag_4', 'maximum_temperature_lag_5', 'maximum_temperature_lag_6', 'maximum_temperature_lag_7', 'minimum_temperature_lag_2', 'minimum_temperature_lag_3', 'minimum_temperature_lag_4', 'minimum_temperature_lag_5', 'minimum_temperature_lag_6', 'minimum_temperature_lag_7', 'precipitation_lag_2', 'precipitation_lag_3', 'precipitation_lag_4', 'precipitation_lag_5', 'precipitation_lag_6', 'precipitation_lag_7', 'wind_speed_lag_2', 'wind_speed_lag_3', 'wind_speed_lag_4', 'wind_speed_lag_5', 'wind_speed_lag_6', 'wind_speed_lag_7', 'maximum_sustained_wind_speed_lag_2', 'maximum_sustained_wind_speed_lag_3', 'maximum_sustained_wind_speed_lag_4', 'maximum_sustained_wind_speed_lag_5', 'maximum_sustained_wind_speed_lag_6', 'maximum_sustained_wind_speed_lag_7', 'wind_gust_lag_2', 'wind_gust_lag_3', 'wind_gust_lag_4', 'wind_gust_lag_5', 'wind_gust_lag_6', 'wind_gust_lag_7', 'dew_point_lag_2', 'dew_point_lag_3', 'dew_point_lag_4', 'dew_point_lag_5', 'dew_point_lag_6', 'dew_point_lag_7', 'snow_depth_lag_2', 'snow_depth_lag_3', 'snow_depth_lag_4', 'snow_depth_lag_5', 'snow_depth_lag_6', 'snow_depth_lag_7', 'fog_lag_2', 'fog_lag_3', 'fog_lag_4', 'fog_lag_5', 'fog_lag_6', 'fog_lag_7', 'thunder_lag_2', 'thunder_lag_3', 'thunder_lag_4', 'thunder_lag_5', 'thunder_lag_6', 'thunder_lag_7', 'average_temperature_weekly_mean', 'average_temperature_monthly_mean', 'average_temperature_quarterly_mean', 'average_temperature_yearly_mean', 'average_temperature_last_1_year', 'average_temperature_last_2_year', 'average_temperature_last_3_year', 'maximum_temperature_weekly_mean', 'maximum_temperature_monthly_mean', 'maximum_temperature_quarterly_mean', 'maximum_temperature_yearly_mean', 'maximum_temperature_last_1_year', 'maximum_temperature_last_2_year', 'maximum_temperature_last_3_year', 'minimum_temperature_weekly_mean', 'minimum_temperature_monthly_mean', 'minimum_temperature_quarterly_mean', 'minimum_temperature_yearly_mean', 'minimum_temperature_last_1_year', 'minimum_temperature_last_2_year', 'minimum_temperature_last_3_year', 'precipitation_weekly_mean', 'precipitation_monthly_mean', 'precipitation_quarterly_mean', 'precipitation_yearly_mean', 'precipitation_last_1_year', 'precipitation_last_2_year', 'precipitation_last_3_year', 'wind_gust_weekly_mean', 'wind_gust_monthly_mean', 'wind_gust_quarterly_mean', 'wind_gust_yearly_mean', 'wind_gust_last_1_year', 'wind_gust_last_2_year', 'wind_gust_last_3_year', 'dew_point_weekly_mean', 'dew_point_monthly_mean', 'dew_point_quarterly_mean', 'dew_point_yearly_mean', 'dew_point_last_1_year', 'dew_point_last_2_year', 'dew_point_last_3_year', 'snow_depth_weekly_mean', 'snow_depth_monthly_mean', 'snow_depth_quarterly_mean', 'snow_depth_yearly_mean', 'snow_depth_last_1_year', 'snow_depth_last_2_year', 'snow_depth_last_3_year']
expected maximum_temperature_last_2_year_monthly_mean, snow_depth_last_1_year_monthly_mean, minimum_temperature_last_3_year_monthly_mean, snow_depth_last_3_year_monthly_mean, average_temperature_last_2_year_monthly_mean, minimum_temperature_last_2_year_monthly_mean, average_temperature_last_3_year_monthly_mean, dew_point_last_3_year_monthly_mean, minimum_temperature_last_1_year_monthly_mean, wind_gust_last_1_year_monthly_mean, snow_depth_last_2_year_monthly_mean, dew_point_last_2_year_monthly_mean, dew_point_last_1_year_monthly_mean, station_lat, average_temperature_last_1_year_monthly_mean, station_lon, precipitation_last_2_year_monthly_mean, wind_gust_last_3_year_monthly_mean, precipitation_last_1_year_monthly_mean, wind_gust_last_2_year_monthly_mean, maximum_temperature_last_1_year_monthly_mean, maximum_temperature_last_3_year_monthly_mean, precipitation_last_3_year_monthly_mean in input data. Використовую симуляцію.
2026-06-05 06:40:25 | WARNING  | app.state.session            | Помилка реального прогнозу: feature_names mismatch: ['latitude', 'longitude', 'is_holiday', 'day_of_week', 'day_of_year', 'is_weekend', 'NDVI', 'SoilMoisture', 'sea_distance', 'station_lat', 'station_lon', 'average_temperature_lag_1', 'average_temperature_lag_2', 'average_temperature_lag_3', 'average_temperature_lag_4', 'average_temperature_lag_5', 'average_temperature_lag_6', 'average_temperature_lag_7', 'maximum_temperature_lag_1', 'maximum_temperature_lag_2', 'maximum_temperature_lag_3', 'maximum_temperature_lag_4', 'maximum_temperature_lag_5', 'maximum_temperature_lag_6', 'maximum_temperature_lag_7', 'minimum_temperature_lag_1', 'minimum_temperature_lag_2', 'minimum_temperature_lag_3', 'minimum_temperature_lag_4', 'minimum_temperature_lag_5', 'minimum_temperature_lag_6', 'minimum_temperature_lag_7', 'precipitation_lag_1', 'precipitation_lag_2', 'precipitation_lag_3', 'precipitation_lag_4', 'precipitation_lag_5', 'precipitation_lag_6', 'precipitation_lag_7', 'snow_depth_lag_1', 'snow_depth_lag_2', 'snow_depth_lag_3', 'snow_depth_lag_4', 'snow_depth_lag_5', 'snow_depth_lag_6', 'snow_depth_lag_7', 'wind_speed_lag_1', 'wind_speed_lag_2', 'wind_speed_lag_3', 'wind_speed_lag_4', 'wind_speed_lag_5', 'wind_speed_lag_6', 'wind_speed_lag_7', 'maximum_sustained_wind_speed_lag_1', 'maximum_sustained_wind_speed_lag_2', 'maximum_sustained_wind_speed_lag_3', 'maximum_sustained_wind_speed_lag_4', 'maximum_sustained_wind_speed_lag_5', 'maximum_sustained_wind_speed_lag_6', 'maximum_sustained_wind_speed_lag_7', 'wind_gust_lag_1', 'wind_gust_lag_2', 'wind_gust_lag_3', 'wind_gust_lag_4', 'wind_gust_lag_5', 'wind_gust_lag_6', 'wind_gust_lag_7', 'dew_point_lag_1', 'dew_point_lag_2', 'dew_point_lag_3', 'dew_point_lag_4', 'dew_point_lag_5', 'dew_point_lag_6', 'dew_point_lag_7', 'fog_lag_1', 'fog_lag_2', 'fog_lag_3', 'fog_lag_4', 'fog_lag_5', 'fog_lag_6', 'fog_lag_7', 'thunder_lag_1', 'thunder_lag_2', 'thunder_lag_3', 'thunder_lag_4', 'thunder_lag_5', 'thunder_lag_6', 'thunder_lag_7', 'average_temperature_weekly_mean', 'maximum_temperature_weekly_mean', 'minimum_temperature_weekly_mean', 'precipitation_weekly_mean', 'snow_depth_weekly_mean', 'wind_gust_weekly_mean', 'dew_point_weekly_mean', 'average_temperature_last_1_year', 'average_temperature_last_2_year', 'average_temperature_last_3_year', 'maximum_temperature_last_1_year', 'maximum_temperature_last_2_year', 'maximum_temperature_last_3_year', 'minimum_temperature_last_1_year', 'minimum_temperature_last_2_year', 'minimum_temperature_last_3_year', 'precipitation_last_1_year', 'precipitation_last_2_year', 'precipitation_last_3_year', 'snow_depth_last_1_year', 'snow_depth_last_2_year', 'snow_depth_last_3_year', 'wind_gust_last_1_year', 'wind_gust_last_2_year', 'wind_gust_last_3_year', 'dew_point_last_1_year', 'dew_point_last_2_year', 'dew_point_last_3_year', 'average_temperature_monthly_mean', 'maximum_temperature_monthly_mean', 'minimum_temperature_monthly_mean', 'precipitation_monthly_mean', 'snow_depth_monthly_mean', 'wind_gust_monthly_mean', 'dew_point_monthly_mean', 'average_temperature_last_1_year_monthly_mean', 'average_temperature_last_2_year_monthly_mean', 'average_temperature_last_3_year_monthly_mean', 'maximum_temperature_last_1_year_monthly_mean', 'maximum_temperature_last_2_year_monthly_mean', 'maximum_temperature_last_3_year_monthly_mean', 'minimum_temperature_last_1_year_monthly_mean', 'minimum_temperature_last_2_year_monthly_mean', 'minimum_temperature_last_3_year_monthly_mean', 'precipitation_last_1_year_monthly_mean', 'precipitation_last_2_year_monthly_mean', 'precipitation_last_3_year_monthly_mean', 'snow_depth_last_1_year_monthly_mean', 'snow_depth_last_2_year_monthly_mean', 'snow_depth_last_3_year_monthly_mean', 'wind_gust_last_1_year_monthly_mean', 'wind_gust_last_2_year_monthly_mean', 'wind_gust_last_3_year_monthly_mean', 'dew_point_last_1_year_monthly_mean', 'dew_point_last_2_year_monthly_mean', 'dew_point_last_3_year_monthly_mean', 'average_temperature_quarterly_mean', 'maximum_temperature_quarterly_mean', 'minimum_temperature_quarterly_mean', 'precipitation_quarterly_mean', 'snow_depth_quarterly_mean', 'wind_gust_quarterly_mean', 'dew_point_quarterly_mean', 'average_temperature_yearly_mean', 'maximum_temperature_yearly_mean', 'minimum_temperature_yearly_mean', 'precipitation_yearly_mean', 'snow_depth_yearly_mean', 'wind_gust_yearly_mean', 'dew_point_yearly_mean'] ['NDVI', 'SoilMoisture', 'latitude', 'longitude', 'sea_distance', 'day_of_week', 'day_of_year', 'is_weekend', 'is_holiday', 'average_temperature_lag_1', 'maximum_temperature_lag_1', 'minimum_temperature_lag_1', 'precipitation_lag_1', 'wind_speed_lag_1', 'maximum_sustained_wind_speed_lag_1', 'wind_gust_lag_1', 'dew_point_lag_1', 'snow_depth_lag_1', 'fog_lag_1', 'thunder_lag_1', 'average_temperature_lag_2', 'average_temperature_lag_3', 'average_temperature_lag_4', 'average_temperature_lag_5', 'average_temperature_lag_6', 'average_temperature_lag_7', 'maximum_temperature_lag_2', 'maximum_temperature_lag_3', 'maximum_temperature_lag_4', 'maximum_temperature_lag_5', 'maximum_temperature_lag_6', 'maximum_temperature_lag_7', 'minimum_temperature_lag_2', 'minimum_temperature_lag_3', 'minimum_temperature_lag_4', 'minimum_temperature_lag_5', 'minimum_temperature_lag_6', 'minimum_temperature_lag_7', 'precipitation_lag_2', 'precipitation_lag_3', 'precipitation_lag_4', 'precipitation_lag_5', 'precipitation_lag_6', 'precipitation_lag_7', 'wind_speed_lag_2', 'wind_speed_lag_3', 'wind_speed_lag_4', 'wind_speed_lag_5', 'wind_speed_lag_6', 'wind_speed_lag_7', 'maximum_sustained_wind_speed_lag_2', 'maximum_sustained_wind_speed_lag_3', 'maximum_sustained_wind_speed_lag_4', 'maximum_sustained_wind_speed_lag_5', 'maximum_sustained_wind_speed_lag_6', 'maximum_sustained_wind_speed_lag_7', 'wind_gust_lag_2', 'wind_gust_lag_3', 'wind_gust_lag_4', 'wind_gust_lag_5', 'wind_gust_lag_6', 'wind_gust_lag_7', 'dew_point_lag_2', 'dew_point_lag_3', 'dew_point_lag_4', 'dew_point_lag_5', 'dew_point_lag_6', 'dew_point_lag_7', 'snow_depth_lag_2', 'snow_depth_lag_3', 'snow_depth_lag_4', 'snow_depth_lag_5', 'snow_depth_lag_6', 'snow_depth_lag_7', 'fog_lag_2', 'fog_lag_3', 'fog_lag_4', 'fog_lag_5', 'fog_lag_6', 'fog_lag_7', 'thunder_lag_2', 'thunder_lag_3', 'thunder_lag_4', 'thunder_lag_5', 'thunder_lag_6', 'thunder_lag_7', 'average_temperature_weekly_mean', 'average_temperature_monthly_mean', 'average_temperature_quarterly_mean', 'average_temperature_yearly_mean', 'average_temperature_last_1_year', 'average_temperature_last_2_year', 'average_temperature_last_3_year', 'maximum_temperature_weekly_mean', 'maximum_temperature_monthly_mean', 'maximum_temperature_quarterly_mean', 'maximum_temperature_yearly_mean', 'maximum_temperature_last_1_year', 'maximum_temperature_last_2_year', 'maximum_temperature_last_3_year', 'minimum_temperature_weekly_mean', 'minimum_temperature_monthly_mean', 'minimum_temperature_quarterly_mean', 'minimum_temperature_yearly_mean', 'minimum_temperature_last_1_year', 'minimum_temperature_last_2_year', 'minimum_temperature_last_3_year', 'precipitation_weekly_mean', 'precipitation_monthly_mean', 'precipitation_quarterly_mean', 'precipitation_yearly_mean', 'precipitation_last_1_year', 'precipitation_last_2_year', 'precipitation_last_3_year', 'wind_gust_weekly_mean', 'wind_gust_monthly_mean', 'wind_gust_quarterly_mean', 'wind_gust_yearly_mean', 'wind_gust_last_1_year', 'wind_gust_last_2_year', 'wind_gust_last_3_year', 'dew_point_weekly_mean', 'dew_point_monthly_mean', 'dew_point_quarterly_mean', 'dew_point_yearly_mean', 'dew_point_last_1_year', 'dew_point_last_2_year', 'dew_point_last_3_year', 'snow_depth_weekly_mean', 'snow_depth_monthly_mean', 'snow_depth_quarterly_mean', 'snow_depth_yearly_mean', 'snow_depth_last_1_year', 'snow_depth_last_2_year', 'snow_depth_last_3_year']
expected maximum_temperature_last_2_year_monthly_mean, snow_depth_last_1_year_monthly_mean, minimum_temperature_last_3_year_monthly_mean, snow_depth_last_3_year_monthly_mean, average_temperature_last_2_year_monthly_mean, minimum_temperature_last_2_year_monthly_mean, average_temperature_last_3_year_monthly_mean, dew_point_last_3_year_monthly_mean, minimum_temperature_last_1_year_monthly_mean, wind_gust_last_1_year_monthly_mean, snow_depth_last_2_year_monthly_mean, dew_point_last_2_year_monthly_mean, dew_point_last_1_year_monthly_mean, station_lat, average_temperature_last_1_year_monthly_mean, station_lon, precipitation_last_2_year_monthly_mean, wind_gust_last_3_year_monthly_mean, precipitation_last_1_year_monthly_mean, wind_gust_last_2_year_monthly_mean, maximum_temperature_last_1_year_monthly_mean, maximum_temperature_last_3_year_monthly_mean, precipitation_last_3_year_monthly_mean in input data. Використовую симуляцію.
2026-06-05 06:40:27 | WARNING  | app.state.session            | Помилка реального прогнозу: feature_names mismatch: ['latitude', 'longitude', 'is_holiday', 'day_of_week', 'day_of_year', 'is_weekend', 'NDVI', 'SoilMoisture', 'sea_distance', 'station_lat', 'station_lon', 'average_temperature_lag_1', 'average_temperature_lag_2', 'average_temperature_lag_3', 'average_temperature_lag_4', 'average_temperature_lag_5', 'average_temperature_lag_6', 'average_temperature_lag_7', 'maximum_temperature_lag_1', 'maximum_temperature_lag_2', 'maximum_temperature_lag_3', 'maximum_temperature_lag_4', 'maximum_temperature_lag_5', 'maximum_temperature_lag_6', 'maximum_temperature_lag_7', 'minimum_temperature_lag_1', 'minimum_temperature_lag_2', 'minimum_temperature_lag_3', 'minimum_temperature_lag_4', 'minimum_temperature_lag_5', 'minimum_temperature_lag_6', 'minimum_temperature_lag_7', 'precipitation_lag_1', 'precipitation_lag_2', 'precipitation_lag_3', 'precipitation_lag_4', 'precipitation_lag_5', 'precipitation_lag_6', 'precipitation_lag_7', 'snow_depth_lag_1', 'snow_depth_lag_2', 'snow_depth_lag_3', 'snow_depth_lag_4', 'snow_depth_lag_5', 'snow_depth_lag_6', 'snow_depth_lag_7', 'wind_speed_lag_1', 'wind_speed_lag_2', 'wind_speed_lag_3', 'wind_speed_lag_4', 'wind_speed_lag_5', 'wind_speed_lag_6', 'wind_speed_lag_7', 'maximum_sustained_wind_speed_lag_1', 'maximum_sustained_wind_speed_lag_2', 'maximum_sustained_wind_speed_lag_3', 'maximum_sustained_wind_speed_lag_4', 'maximum_sustained_wind_speed_lag_5', 'maximum_sustained_wind_speed_lag_6', 'maximum_sustained_wind_speed_lag_7', 'wind_gust_lag_1', 'wind_gust_lag_2', 'wind_gust_lag_3', 'wind_gust_lag_4', 'wind_gust_lag_5', 'wind_gust_lag_6', 'wind_gust_lag_7', 'dew_point_lag_1', 'dew_point_lag_2', 'dew_point_lag_3', 'dew_point_lag_4', 'dew_point_lag_5', 'dew_point_lag_6', 'dew_point_lag_7', 'fog_lag_1', 'fog_lag_2', 'fog_lag_3', 'fog_lag_4', 'fog_lag_5', 'fog_lag_6', 'fog_lag_7', 'thunder_lag_1', 'thunder_lag_2', 'thunder_lag_3', 'thunder_lag_4', 'thunder_lag_5', 'thunder_lag_6', 'thunder_lag_7', 'average_temperature_weekly_mean', 'maximum_temperature_weekly_mean', 'minimum_temperature_weekly_mean', 'precipitation_weekly_mean', 'snow_depth_weekly_mean', 'wind_gust_weekly_mean', 'dew_point_weekly_mean', 'average_temperature_last_1_year', 'average_temperature_last_2_year', 'average_temperature_last_3_year', 'maximum_temperature_last_1_year', 'maximum_temperature_last_2_year', 'maximum_temperature_last_3_year', 'minimum_temperature_last_1_year', 'minimum_temperature_last_2_year', 'minimum_temperature_last_3_year', 'precipitation_last_1_year', 'precipitation_last_2_year', 'precipitation_last_3_year', 'snow_depth_last_1_year', 'snow_depth_last_2_year', 'snow_depth_last_3_year', 'wind_gust_last_1_year', 'wind_gust_last_2_year', 'wind_gust_last_3_year', 'dew_point_last_1_year', 'dew_point_last_2_year', 'dew_point_last_3_year', 'average_temperature_monthly_mean', 'maximum_temperature_monthly_mean', 'minimum_temperature_monthly_mean', 'precipitation_monthly_mean', 'snow_depth_monthly_mean', 'wind_gust_monthly_mean', 'dew_point_monthly_mean', 'average_temperature_last_1_year_monthly_mean', 'average_temperature_last_2_year_monthly_mean', 'average_temperature_last_3_year_monthly_mean', 'maximum_temperature_last_1_year_monthly_mean', 'maximum_temperature_last_2_year_monthly_mean', 'maximum_temperature_last_3_year_monthly_mean', 'minimum_temperature_last_1_year_monthly_mean', 'minimum_temperature_last_2_year_monthly_mean', 'minimum_temperature_last_3_year_monthly_mean', 'precipitation_last_1_year_monthly_mean', 'precipitation_last_2_year_monthly_mean', 'precipitation_last_3_year_monthly_mean', 'snow_depth_last_1_year_monthly_mean', 'snow_depth_last_2_year_monthly_mean', 'snow_depth_last_3_year_monthly_mean', 'wind_gust_last_1_year_monthly_mean', 'wind_gust_last_2_year_monthly_mean', 'wind_gust_last_3_year_monthly_mean', 'dew_point_last_1_year_monthly_mean', 'dew_point_last_2_year_monthly_mean', 'dew_point_last_3_year_monthly_mean', 'average_temperature_quarterly_mean', 'maximum_temperature_quarterly_mean', 'minimum_temperature_quarterly_mean', 'precipitation_quarterly_mean', 'snow_depth_quarterly_mean', 'wind_gust_quarterly_mean', 'dew_point_quarterly_mean', 'average_temperature_yearly_mean', 'maximum_temperature_yearly_mean', 'minimum_temperature_yearly_mean', 'precipitation_yearly_mean', 'snow_depth_yearly_mean', 'wind_gust_yearly_mean', 'dew_point_yearly_mean'] ['NDVI', 'SoilMoisture', 'latitude', 'longitude', 'sea_distance', 'day_of_week', 'day_of_year', 'is_weekend', 'is_holiday', 'average_temperature_lag_1', 'maximum_temperature_lag_1', 'minimum_temperature_lag_1', 'precipitation_lag_1', 'wind_speed_lag_1', 'maximum_sustained_wind_speed_lag_1', 'wind_gust_lag_1', 'dew_point_lag_1', 'snow_depth_lag_1', 'fog_lag_1', 'thunder_lag_1', 'average_temperature_lag_2', 'average_temperature_lag_3', 'average_temperature_lag_4', 'average_temperature_lag_5', 'average_temperature_lag_6', 'average_temperature_lag_7', 'maximum_temperature_lag_2', 'maximum_temperature_lag_3', 'maximum_temperature_lag_4', 'maximum_temperature_lag_5', 'maximum_temperature_lag_6', 'maximum_temperature_lag_7', 'minimum_temperature_lag_2', 'minimum_temperature_lag_3', 'minimum_temperature_lag_4', 'minimum_temperature_lag_5', 'minimum_temperature_lag_6', 'minimum_temperature_lag_7', 'precipitation_lag_2', 'precipitation_lag_3', 'precipitation_lag_4', 'precipitation_lag_5', 'precipitation_lag_6', 'precipitation_lag_7', 'wind_speed_lag_2', 'wind_speed_lag_3', 'wind_speed_lag_4', 'wind_speed_lag_5', 'wind_speed_lag_6', 'wind_speed_lag_7', 'maximum_sustained_wind_speed_lag_2', 'maximum_sustained_wind_speed_lag_3', 'maximum_sustained_wind_speed_lag_4', 'maximum_sustained_wind_speed_lag_5', 'maximum_sustained_wind_speed_lag_6', 'maximum_sustained_wind_speed_lag_7', 'wind_gust_lag_2', 'wind_gust_lag_3', 'wind_gust_lag_4', 'wind_gust_lag_5', 'wind_gust_lag_6', 'wind_gust_lag_7', 'dew_point_lag_2', 'dew_point_lag_3', 'dew_point_lag_4', 'dew_point_lag_5', 'dew_point_lag_6', 'dew_point_lag_7', 'snow_depth_lag_2', 'snow_depth_lag_3', 'snow_depth_lag_4', 'snow_depth_lag_5', 'snow_depth_lag_6', 'snow_depth_lag_7', 'fog_lag_2', 'fog_lag_3', 'fog_lag_4', 'fog_lag_5', 'fog_lag_6', 'fog_lag_7', 'thunder_lag_2', 'thunder_lag_3', 'thunder_lag_4', 'thunder_lag_5', 'thunder_lag_6', 'thunder_lag_7', 'average_temperature_weekly_mean', 'average_temperature_monthly_mean', 'average_temperature_quarterly_mean', 'average_temperature_yearly_mean', 'average_temperature_last_1_year', 'average_temperature_last_2_year', 'average_temperature_last_3_year', 'maximum_temperature_weekly_mean', 'maximum_temperature_monthly_mean', 'maximum_temperature_quarterly_mean', 'maximum_temperature_yearly_mean', 'maximum_temperature_last_1_year', 'maximum_temperature_last_2_year', 'maximum_temperature_last_3_year', 'minimum_temperature_weekly_mean', 'minimum_temperature_monthly_mean', 'minimum_temperature_quarterly_mean', 'minimum_temperature_yearly_mean', 'minimum_temperature_last_1_year', 'minimum_temperature_last_2_year', 'minimum_temperature_last_3_year', 'precipitation_weekly_mean', 'precipitation_monthly_mean', 'precipitation_quarterly_mean', 'precipitation_yearly_mean', 'precipitation_last_1_year', 'precipitation_last_2_year', 'precipitation_last_3_year', 'wind_gust_weekly_mean', 'wind_gust_monthly_mean', 'wind_gust_quarterly_mean', 'wind_gust_yearly_mean', 'wind_gust_last_1_year', 'wind_gust_last_2_year', 'wind_gust_last_3_year', 'dew_point_weekly_mean', 'dew_point_monthly_mean', 'dew_point_quarterly_mean', 'dew_point_yearly_mean', 'dew_point_last_1_year', 'dew_point_last_2_year', 'dew_point_last_3_year', 'snow_depth_weekly_mean', 'snow_depth_monthly_mean', 'snow_depth_quarterly_mean', 'snow_depth_yearly_mean', 'snow_depth_last_1_year', 'snow_depth_last_2_year', 'snow_depth_last_3_year']
expected maximum_temperature_last_2_year_monthly_mean, snow_depth_last_1_year_monthly_mean, minimum_temperature_last_3_year_monthly_mean, snow_depth_last_3_year_monthly_mean, average_temperature_last_2_year_monthly_mean, minimum_temperature_last_2_year_monthly_mean, average_temperature_last_3_year_monthly_mean, dew_point_last_3_year_monthly_mean, minimum_temperature_last_1_year_monthly_mean, wind_gust_last_1_year_monthly_mean, snow_depth_last_2_year_monthly_mean, dew_point_last_2_year_monthly_mean, dew_point_last_1_year_monthly_mean, station_lat, average_temperature_last_1_year_monthly_mean, station_lon, precipitation_last_2_year_monthly_mean, wind_gust_last_3_year_monthly_mean, precipitation_last_1_year_monthly_mean, wind_gust_last_2_year_monthly_mean, maximum_temperature_last_1_year_monthly_mean, maximum_temperature_last_3_year_monthly_mean, precipitation_last_3_year_monthly_mean in input data. Використовую симуляцію.
2026-06-05 06:40:30 | WARNING  | app.state.session            | Помилка реального прогнозу: feature_names mismatch: ['latitude', 'longitude', 'is_holiday', 'day_of_week', 'day_of_year', 'is_weekend', 'NDVI', 'SoilMoisture', 'sea_distance', 'station_lat', 'station_lon', 'average_temperature_lag_1', 'average_temperature_lag_2', 'average_temperature_lag_3', 'average_temperature_lag_4', 'average_temperature_lag_5', 'average_temperature_lag_6', 'average_temperature_lag_7', 'maximum_temperature_lag_1', 'maximum_temperature_lag_2', 'maximum_temperature_lag_3', 'maximum_temperature_lag_4', 'maximum_temperature_lag_5', 'maximum_temperature_lag_6', 'maximum_temperature_lag_7', 'minimum_temperature_lag_1', 'minimum_temperature_lag_2', 'minimum_temperature_lag_3', 'minimum_temperature_lag_4', 'minimum_temperature_lag_5', 'minimum_temperature_lag_6', 'minimum_temperature_lag_7', 'precipitation_lag_1', 'precipitation_lag_2', 'precipitation_lag_3', 'precipitation_lag_4', 'precipitation_lag_5', 'precipitation_lag_6', 'precipitation_lag_7', 'snow_depth_lag_1', 'snow_depth_lag_2', 'snow_depth_lag_3', 'snow_depth_lag_4', 'snow_depth_lag_5', 'snow_depth_lag_6', 'snow_depth_lag_7', 'wind_speed_lag_1', 'wind_speed_lag_2', 'wind_speed_lag_3', 'wind_speed_lag_4', 'wind_speed_lag_5', 'wind_speed_lag_6', 'wind_speed_lag_7', 'maximum_sustained_wind_speed_lag_1', 'maximum_sustained_wind_speed_lag_2', 'maximum_sustained_wind_speed_lag_3', 'maximum_sustained_wind_speed_lag_4', 'maximum_sustained_wind_speed_lag_5', 'maximum_sustained_wind_speed_lag_6', 'maximum_sustained_wind_speed_lag_7', 'wind_gust_lag_1', 'wind_gust_lag_2', 'wind_gust_lag_3', 'wind_gust_lag_4', 'wind_gust_lag_5', 'wind_gust_lag_6', 'wind_gust_lag_7', 'dew_point_lag_1', 'dew_point_lag_2', 'dew_point_lag_3', 'dew_point_lag_4', 'dew_point_lag_5', 'dew_point_lag_6', 'dew_point_lag_7', 'fog_lag_1', 'fog_lag_2', 'fog_lag_3', 'fog_lag_4', 'fog_lag_5', 'fog_lag_6', 'fog_lag_7', 'thunder_lag_1', 'thunder_lag_2', 'thunder_lag_3', 'thunder_lag_4', 'thunder_lag_5', 'thunder_lag_6', 'thunder_lag_7', 'average_temperature_weekly_mean', 'maximum_temperature_weekly_mean', 'minimum_temperature_weekly_mean', 'precipitation_weekly_mean', 'snow_depth_weekly_mean', 'wind_gust_weekly_mean', 'dew_point_weekly_mean', 'average_temperature_last_1_year', 'average_temperature_last_2_year', 'average_temperature_last_3_year', 'maximum_temperature_last_1_year', 'maximum_temperature_last_2_year', 'maximum_temperature_last_3_year', 'minimum_temperature_last_1_year', 'minimum_temperature_last_2_year', 'minimum_temperature_last_3_year', 'precipitation_last_1_year', 'precipitation_last_2_year', 'precipitation_last_3_year', 'snow_depth_last_1_year', 'snow_depth_last_2_year', 'snow_depth_last_3_year', 'wind_gust_last_1_year', 'wind_gust_last_2_year', 'wind_gust_last_3_year', 'dew_point_last_1_year', 'dew_point_last_2_year', 'dew_point_last_3_year', 'average_temperature_monthly_mean', 'maximum_temperature_monthly_mean', 'minimum_temperature_monthly_mean', 'precipitation_monthly_mean', 'snow_depth_monthly_mean', 'wind_gust_monthly_mean', 'dew_point_monthly_mean', 'average_temperature_last_1_year_monthly_mean', 'average_temperature_last_2_year_monthly_mean', 'average_temperature_last_3_year_monthly_mean', 'maximum_temperature_last_1_year_monthly_mean', 'maximum_temperature_last_2_year_monthly_mean', 'maximum_temperature_last_3_year_monthly_mean', 'minimum_temperature_last_1_year_monthly_mean', 'minimum_temperature_last_2_year_monthly_mean', 'minimum_temperature_last_3_year_monthly_mean', 'precipitation_last_1_year_monthly_mean', 'precipitation_last_2_year_monthly_mean', 'precipitation_last_3_year_monthly_mean', 'snow_depth_last_1_year_monthly_mean', 'snow_depth_last_2_year_monthly_mean', 'snow_depth_last_3_year_monthly_mean', 'wind_gust_last_1_year_monthly_mean', 'wind_gust_last_2_year_monthly_mean', 'wind_gust_last_3_year_monthly_mean', 'dew_point_last_1_year_monthly_mean', 'dew_point_last_2_year_monthly_mean', 'dew_point_last_3_year_monthly_mean', 'average_temperature_quarterly_mean', 'maximum_temperature_quarterly_mean', 'minimum_temperature_quarterly_mean', 'precipitation_quarterly_mean', 'snow_depth_quarterly_mean', 'wind_gust_quarterly_mean', 'dew_point_quarterly_mean', 'average_temperature_yearly_mean', 'maximum_temperature_yearly_mean', 'minimum_temperature_yearly_mean', 'precipitation_yearly_mean', 'snow_depth_yearly_mean', 'wind_gust_yearly_mean', 'dew_point_yearly_mean'] ['NDVI', 'SoilMoisture', 'latitude', 'longitude', 'sea_distance', 'day_of_week', 'day_of_year', 'is_weekend', 'is_holiday', 'average_temperature_lag_1', 'maximum_temperature_lag_1', 'minimum_temperature_lag_1', 'precipitation_lag_1', 'wind_speed_lag_1', 'maximum_sustained_wind_speed_lag_1', 'wind_gust_lag_1', 'dew_point_lag_1', 'snow_depth_lag_1', 'fog_lag_1', 'thunder_lag_1', 'average_temperature_lag_2', 'average_temperature_lag_3', 'average_temperature_lag_4', 'average_temperature_lag_5', 'average_temperature_lag_6', 'average_temperature_lag_7', 'maximum_temperature_lag_2', 'maximum_temperature_lag_3', 'maximum_temperature_lag_4', 'maximum_temperature_lag_5', 'maximum_temperature_lag_6', 'maximum_temperature_lag_7', 'minimum_temperature_lag_2', 'minimum_temperature_lag_3', 'minimum_temperature_lag_4', 'minimum_temperature_lag_5', 'minimum_temperature_lag_6', 'minimum_temperature_lag_7', 'precipitation_lag_2', 'precipitation_lag_3', 'precipitation_lag_4', 'precipitation_lag_5', 'precipitation_lag_6', 'precipitation_lag_7', 'wind_speed_lag_2', 'wind_speed_lag_3', 'wind_speed_lag_4', 'wind_speed_lag_5', 'wind_speed_lag_6', 'wind_speed_lag_7', 'maximum_sustained_wind_speed_lag_2', 'maximum_sustained_wind_speed_lag_3', 'maximum_sustained_wind_speed_lag_4', 'maximum_sustained_wind_speed_lag_5', 'maximum_sustained_wind_speed_lag_6', 'maximum_sustained_wind_speed_lag_7', 'wind_gust_lag_2', 'wind_gust_lag_3', 'wind_gust_lag_4', 'wind_gust_lag_5', 'wind_gust_lag_6', 'wind_gust_lag_7', 'dew_point_lag_2', 'dew_point_lag_3', 'dew_point_lag_4', 'dew_point_lag_5', 'dew_point_lag_6', 'dew_point_lag_7', 'snow_depth_lag_2', 'snow_depth_lag_3', 'snow_depth_lag_4', 'snow_depth_lag_5', 'snow_depth_lag_6', 'snow_depth_lag_7', 'fog_lag_2', 'fog_lag_3', 'fog_lag_4', 'fog_lag_5', 'fog_lag_6', 'fog_lag_7', 'thunder_lag_2', 'thunder_lag_3', 'thunder_lag_4', 'thunder_lag_5', 'thunder_lag_6', 'thunder_lag_7', 'average_temperature_weekly_mean', 'average_temperature_monthly_mean', 'average_temperature_quarterly_mean', 'average_temperature_yearly_mean', 'average_temperature_last_1_year', 'average_temperature_last_2_year', 'average_temperature_last_3_year', 'maximum_temperature_weekly_mean', 'maximum_temperature_monthly_mean', 'maximum_temperature_quarterly_mean', 'maximum_temperature_yearly_mean', 'maximum_temperature_last_1_year', 'maximum_temperature_last_2_year', 'maximum_temperature_last_3_year', 'minimum_temperature_weekly_mean', 'minimum_temperature_monthly_mean', 'minimum_temperature_quarterly_mean', 'minimum_temperature_yearly_mean', 'minimum_temperature_last_1_year', 'minimum_temperature_last_2_year', 'minimum_temperature_last_3_year', 'precipitation_weekly_mean', 'precipitation_monthly_mean', 'precipitation_quarterly_mean', 'precipitation_yearly_mean', 'precipitation_last_1_year', 'precipitation_last_2_year', 'precipitation_last_3_year', 'wind_gust_weekly_mean', 'wind_gust_monthly_mean', 'wind_gust_quarterly_mean', 'wind_gust_yearly_mean', 'wind_gust_last_1_year', 'wind_gust_last_2_year', 'wind_gust_last_3_year', 'dew_point_weekly_mean', 'dew_point_monthly_mean', 'dew_point_quarterly_mean', 'dew_point_yearly_mean', 'dew_point_last_1_year', 'dew_point_last_2_year', 'dew_point_last_3_year', 'snow_depth_weekly_mean', 'snow_depth_monthly_mean', 'snow_depth_quarterly_mean', 'snow_depth_yearly_mean', 'snow_depth_last_1_year', 'snow_depth_last_2_year', 'snow_depth_last_3_year']
expected maximum_temperature_last_2_year_monthly_mean, snow_depth_last_1_year_monthly_mean, minimum_temperature_last_3_year_monthly_mean, snow_depth_last_3_year_monthly_mean, average_temperature_last_2_year_monthly_mean, minimum_temperature_last_2_year_monthly_mean, average_temperature_last_3_year_monthly_mean, dew_point_last_3_year_monthly_mean, minimum_temperature_last_1_year_monthly_mean, wind_gust_last_1_year_monthly_mean, snow_depth_last_2_year_monthly_mean, dew_point_last_2_year_monthly_mean, dew_point_last_1_year_monthly_mean, station_lat, average_temperature_last_1_year_monthly_mean, station_lon, precipitation_last_2_year_monthly_mean, wind_gust_last_3_year_monthly_mean, precipitation_last_1_year_monthly_mean, wind_gust_last_2_year_monthly_mean, maximum_temperature_last_1_year_monthly_mean, maximum_temperature_last_3_year_monthly_mean, precipitation_last_3_year_monthly_mean in input data. Використовую симуляцію.
2026-06-05 06:40:32 | WARNING  | app.state.session            | Помилка реального прогнозу: feature_names mismatch: ['latitude', 'longitude', 'is_holiday', 'day_of_week', 'day_of_year', 'is_weekend', 'NDVI', 'SoilMoisture', 'sea_distance', 'station_lat', 'station_lon', 'average_temperature_lag_1', 'average_temperature_lag_2', 'average_temperature_lag_3', 'average_temperature_lag_4', 'average_temperature_lag_5', 'average_temperature_lag_6', 'average_temperature_lag_7', 'maximum_temperature_lag_1', 'maximum_temperature_lag_2', 'maximum_temperature_lag_3', 'maximum_temperature_lag_4', 'maximum_temperature_lag_5', 'maximum_temperature_lag_6', 'maximum_temperature_lag_7', 'minimum_temperature_lag_1', 'minimum_temperature_lag_2', 'minimum_temperature_lag_3', 'minimum_temperature_lag_4', 'minimum_temperature_lag_5', 'minimum_temperature_lag_6', 'minimum_temperature_lag_7', 'precipitation_lag_1', 'precipitation_lag_2', 'precipitation_lag_3', 'precipitation_lag_4', 'precipitation_lag_5', 'precipitation_lag_6', 'precipitation_lag_7', 'snow_depth_lag_1', 'snow_depth_lag_2', 'snow_depth_lag_3', 'snow_depth_lag_4', 'snow_depth_lag_5', 'snow_depth_lag_6', 'snow_depth_lag_7', 'wind_speed_lag_1', 'wind_speed_lag_2', 'wind_speed_lag_3', 'wind_speed_lag_4', 'wind_speed_lag_5', 'wind_speed_lag_6', 'wind_speed_lag_7', 'maximum_sustained_wind_speed_lag_1', 'maximum_sustained_wind_speed_lag_2', 'maximum_sustained_wind_speed_lag_3', 'maximum_sustained_wind_speed_lag_4', 'maximum_sustained_wind_speed_lag_5', 'maximum_sustained_wind_speed_lag_6', 'maximum_sustained_wind_speed_lag_7', 'wind_gust_lag_1', 'wind_gust_lag_2', 'wind_gust_lag_3', 'wind_gust_lag_4', 'wind_gust_lag_5', 'wind_gust_lag_6', 'wind_gust_lag_7', 'dew_point_lag_1', 'dew_point_lag_2', 'dew_point_lag_3', 'dew_point_lag_4', 'dew_point_lag_5', 'dew_point_lag_6', 'dew_point_lag_7', 'fog_lag_1', 'fog_lag_2', 'fog_lag_3', 'fog_lag_4', 'fog_lag_5', 'fog_lag_6', 'fog_lag_7', 'thunder_lag_1', 'thunder_lag_2', 'thunder_lag_3', 'thunder_lag_4', 'thunder_lag_5', 'thunder_lag_6', 'thunder_lag_7', 'average_temperature_weekly_mean', 'maximum_temperature_weekly_mean', 'minimum_temperature_weekly_mean', 'precipitation_weekly_mean', 'snow_depth_weekly_mean', 'wind_gust_weekly_mean', 'dew_point_weekly_mean', 'average_temperature_last_1_year', 'average_temperature_last_2_year', 'average_temperature_last_3_year', 'maximum_temperature_last_1_year', 'maximum_temperature_last_2_year', 'maximum_temperature_last_3_year', 'minimum_temperature_last_1_year', 'minimum_temperature_last_2_year', 'minimum_temperature_last_3_year', 'precipitation_last_1_year', 'precipitation_last_2_year', 'precipitation_last_3_year', 'snow_depth_last_1_year', 'snow_depth_last_2_year', 'snow_depth_last_3_year', 'wind_gust_last_1_year', 'wind_gust_last_2_year', 'wind_gust_last_3_year', 'dew_point_last_1_year', 'dew_point_last_2_year', 'dew_point_last_3_year', 'average_temperature_monthly_mean', 'maximum_temperature_monthly_mean', 'minimum_temperature_monthly_mean', 'precipitation_monthly_mean', 'snow_depth_monthly_mean', 'wind_gust_monthly_mean', 'dew_point_monthly_mean', 'average_temperature_last_1_year_monthly_mean', 'average_temperature_last_2_year_monthly_mean', 'average_temperature_last_3_year_monthly_mean', 'maximum_temperature_last_1_year_monthly_mean', 'maximum_temperature_last_2_year_monthly_mean', 'maximum_temperature_last_3_year_monthly_mean', 'minimum_temperature_last_1_year_monthly_mean', 'minimum_temperature_last_2_year_monthly_mean', 'minimum_temperature_last_3_year_monthly_mean', 'precipitation_last_1_year_monthly_mean', 'precipitation_last_2_year_monthly_mean', 'precipitation_last_3_year_monthly_mean', 'snow_depth_last_1_year_monthly_mean', 'snow_depth_last_2_year_monthly_mean', 'snow_depth_last_3_year_monthly_mean', 'wind_gust_last_1_year_monthly_mean', 'wind_gust_last_2_year_monthly_mean', 'wind_gust_last_3_year_monthly_mean', 'dew_point_last_1_year_monthly_mean', 'dew_point_last_2_year_monthly_mean', 'dew_point_last_3_year_monthly_mean', 'average_temperature_quarterly_mean', 'maximum_temperature_quarterly_mean', 'minimum_temperature_quarterly_mean', 'precipitation_quarterly_mean', 'snow_depth_quarterly_mean', 'wind_gust_quarterly_mean', 'dew_point_quarterly_mean', 'average_temperature_yearly_mean', 'maximum_temperature_yearly_mean', 'minimum_temperature_yearly_mean', 'precipitation_yearly_mean', 'snow_depth_yearly_mean', 'wind_gust_yearly_mean', 'dew_point_yearly_mean'] ['NDVI', 'SoilMoisture', 'latitude', 'longitude', 'sea_distance', 'day_of_week', 'day_of_year', 'is_weekend', 'is_holiday', 'average_temperature_lag_1', 'maximum_temperature_lag_1', 'minimum_temperature_lag_1', 'precipitation_lag_1', 'wind_speed_lag_1', 'maximum_sustained_wind_speed_lag_1', 'wind_gust_lag_1', 'dew_point_lag_1', 'snow_depth_lag_1', 'fog_lag_1', 'thunder_lag_1', 'average_temperature_lag_2', 'average_temperature_lag_3', 'average_temperature_lag_4', 'average_temperature_lag_5', 'average_temperature_lag_6', 'average_temperature_lag_7', 'maximum_temperature_lag_2', 'maximum_temperature_lag_3', 'maximum_temperature_lag_4', 'maximum_temperature_lag_5', 'maximum_temperature_lag_6', 'maximum_temperature_lag_7', 'minimum_temperature_lag_2', 'minimum_temperature_lag_3', 'minimum_temperature_lag_4', 'minimum_temperature_lag_5', 'minimum_temperature_lag_6', 'minimum_temperature_lag_7', 'precipitation_lag_2', 'precipitation_lag_3', 'precipitation_lag_4', 'precipitation_lag_5', 'precipitation_lag_6', 'precipitation_lag_7', 'wind_speed_lag_2', 'wind_speed_lag_3', 'wind_speed_lag_4', 'wind_speed_lag_5', 'wind_speed_lag_6', 'wind_speed_lag_7', 'maximum_sustained_wind_speed_lag_2', 'maximum_sustained_wind_speed_lag_3', 'maximum_sustained_wind_speed_lag_4', 'maximum_sustained_wind_speed_lag_5', 'maximum_sustained_wind_speed_lag_6', 'maximum_sustained_wind_speed_lag_7', 'wind_gust_lag_2', 'wind_gust_lag_3', 'wind_gust_lag_4', 'wind_gust_lag_5', 'wind_gust_lag_6', 'wind_gust_lag_7', 'dew_point_lag_2', 'dew_point_lag_3', 'dew_point_lag_4', 'dew_point_lag_5', 'dew_point_lag_6', 'dew_point_lag_7', 'snow_depth_lag_2', 'snow_depth_lag_3', 'snow_depth_lag_4', 'snow_depth_lag_5', 'snow_depth_lag_6', 'snow_depth_lag_7', 'fog_lag_2', 'fog_lag_3', 'fog_lag_4', 'fog_lag_5', 'fog_lag_6', 'fog_lag_7', 'thunder_lag_2', 'thunder_lag_3', 'thunder_lag_4', 'thunder_lag_5', 'thunder_lag_6', 'thunder_lag_7', 'average_temperature_weekly_mean', 'average_temperature_monthly_mean', 'average_temperature_quarterly_mean', 'average_temperature_yearly_mean', 'average_temperature_last_1_year', 'average_temperature_last_2_year', 'average_temperature_last_3_year', 'maximum_temperature_weekly_mean', 'maximum_temperature_monthly_mean', 'maximum_temperature_quarterly_mean', 'maximum_temperature_yearly_mean', 'maximum_temperature_last_1_year', 'maximum_temperature_last_2_year', 'maximum_temperature_last_3_year', 'minimum_temperature_weekly_mean', 'minimum_temperature_monthly_mean', 'minimum_temperature_quarterly_mean', 'minimum_temperature_yearly_mean', 'minimum_temperature_last_1_year', 'minimum_temperature_last_2_year', 'minimum_temperature_last_3_year', 'precipitation_weekly_mean', 'precipitation_monthly_mean', 'precipitation_quarterly_mean', 'precipitation_yearly_mean', 'precipitation_last_1_year', 'precipitation_last_2_year', 'precipitation_last_3_year', 'wind_gust_weekly_mean', 'wind_gust_monthly_mean', 'wind_gust_quarterly_mean', 'wind_gust_yearly_mean', 'wind_gust_last_1_year', 'wind_gust_last_2_year', 'wind_gust_last_3_year', 'dew_point_weekly_mean', 'dew_point_monthly_mean', 'dew_point_quarterly_mean', 'dew_point_yearly_mean', 'dew_point_last_1_year', 'dew_point_last_2_year', 'dew_point_last_3_year', 'snow_depth_weekly_mean', 'snow_depth_monthly_mean', 'snow_depth_quarterly_mean', 'snow_depth_yearly_mean', 'snow_depth_last_1_year', 'snow_depth_last_2_year', 'snow_depth_last_3_year']
expected maximum_temperature_last_2_year_monthly_mean, snow_depth_last_1_year_monthly_mean, minimum_temperature_last_3_year_monthly_mean, snow_depth_last_3_year_monthly_mean, average_temperature_last_2_year_monthly_mean, minimum_temperature_last_2_year_monthly_mean, average_temperature_last_3_year_monthly_mean, dew_point_last_3_year_monthly_mean, minimum_temperature_last_1_year_monthly_mean, wind_gust_last_1_year_monthly_mean, snow_depth_last_2_year_monthly_mean, dew_point_last_2_year_monthly_mean, dew_point_last_1_year_monthly_mean, station_lat, average_temperature_last_1_year_monthly_mean, station_lon, precipitation_last_2_year_monthly_mean, wind_gust_last_3_year_monthly_mean, precipitation_last_1_year_monthly_mean, wind_gust_last_2_year_monthly_mean, maximum_temperature_last_1_year_monthly_mean, maximum_temperature_last_3_year_monthly_mean, precipitation_last_3_year_monthly_mean in input data. Використовую симуляцію.
2026-06-05 06:40:34 | WARNING  | app.state.session            | Помилка реального прогнозу: feature_names mismatch: ['latitude', 'longitude', 'is_holiday', 'day_of_week', 'day_of_year', 'is_weekend', 'NDVI', 'SoilMoisture', 'sea_distance', 'station_lat', 'station_lon', 'average_temperature_lag_1', 'average_temperature_lag_2', 'average_temperature_lag_3', 'average_temperature_lag_4', 'average_temperature_lag_5', 'average_temperature_lag_6', 'average_temperature_lag_7', 'maximum_temperature_lag_1', 'maximum_temperature_lag_2', 'maximum_temperature_lag_3', 'maximum_temperature_lag_4', 'maximum_temperature_lag_5', 'maximum_temperature_lag_6', 'maximum_temperature_lag_7', 'minimum_temperature_lag_1', 'minimum_temperature_lag_2', 'minimum_temperature_lag_3', 'minimum_temperature_lag_4', 'minimum_temperature_lag_5', 'minimum_temperature_lag_6', 'minimum_temperature_lag_7', 'precipitation_lag_1', 'precipitation_lag_2', 'precipitation_lag_3', 'precipitation_lag_4', 'precipitation_lag_5', 'precipitation_lag_6', 'precipitation_lag_7', 'snow_depth_lag_1', 'snow_depth_lag_2', 'snow_depth_lag_3', 'snow_depth_lag_4', 'snow_depth_lag_5', 'snow_depth_lag_6', 'snow_depth_lag_7', 'wind_speed_lag_1', 'wind_speed_lag_2', 'wind_speed_lag_3', 'wind_speed_lag_4', 'wind_speed_lag_5', 'wind_speed_lag_6', 'wind_speed_lag_7', 'maximum_sustained_wind_speed_lag_1', 'maximum_sustained_wind_speed_lag_2', 'maximum_sustained_wind_speed_lag_3', 'maximum_sustained_wind_speed_lag_4', 'maximum_sustained_wind_speed_lag_5', 'maximum_sustained_wind_speed_lag_6', 'maximum_sustained_wind_speed_lag_7', 'wind_gust_lag_1', 'wind_gust_lag_2', 'wind_gust_lag_3', 'wind_gust_lag_4', 'wind_gust_lag_5', 'wind_gust_lag_6', 'wind_gust_lag_7', 'dew_point_lag_1', 'dew_point_lag_2', 'dew_point_lag_3', 'dew_point_lag_4', 'dew_point_lag_5', 'dew_point_lag_6', 'dew_point_lag_7', 'fog_lag_1', 'fog_lag_2', 'fog_lag_3', 'fog_lag_4', 'fog_lag_5', 'fog_lag_6', 'fog_lag_7', 'thunder_lag_1', 'thunder_lag_2', 'thunder_lag_3', 'thunder_lag_4', 'thunder_lag_5', 'thunder_lag_6', 'thunder_lag_7', 'average_temperature_weekly_mean', 'maximum_temperature_weekly_mean', 'minimum_temperature_weekly_mean', 'precipitation_weekly_mean', 'snow_depth_weekly_mean', 'wind_gust_weekly_mean', 'dew_point_weekly_mean', 'average_temperature_last_1_year', 'average_temperature_last_2_year', 'average_temperature_last_3_year', 'maximum_temperature_last_1_year', 'maximum_temperature_last_2_year', 'maximum_temperature_last_3_year', 'minimum_temperature_last_1_year', 'minimum_temperature_last_2_year', 'minimum_temperature_last_3_year', 'precipitation_last_1_year', 'precipitation_last_2_year', 'precipitation_last_3_year', 'snow_depth_last_1_year', 'snow_depth_last_2_year', 'snow_depth_last_3_year', 'wind_gust_last_1_year', 'wind_gust_last_2_year', 'wind_gust_last_3_year', 'dew_point_last_1_year', 'dew_point_last_2_year', 'dew_point_last_3_year', 'average_temperature_monthly_mean', 'maximum_temperature_monthly_mean', 'minimum_temperature_monthly_mean', 'precipitation_monthly_mean', 'snow_depth_monthly_mean', 'wind_gust_monthly_mean', 'dew_point_monthly_mean', 'average_temperature_last_1_year_monthly_mean', 'average_temperature_last_2_year_monthly_mean', 'average_temperature_last_3_year_monthly_mean', 'maximum_temperature_last_1_year_monthly_mean', 'maximum_temperature_last_2_year_monthly_mean', 'maximum_temperature_last_3_year_monthly_mean', 'minimum_temperature_last_1_year_monthly_mean', 'minimum_temperature_last_2_year_monthly_mean', 'minimum_temperature_last_3_year_monthly_mean', 'precipitation_last_1_year_monthly_mean', 'precipitation_last_2_year_monthly_mean', 'precipitation_last_3_year_monthly_mean', 'snow_depth_last_1_year_monthly_mean', 'snow_depth_last_2_year_monthly_mean', 'snow_depth_last_3_year_monthly_mean', 'wind_gust_last_1_year_monthly_mean', 'wind_gust_last_2_year_monthly_mean', 'wind_gust_last_3_year_monthly_mean', 'dew_point_last_1_year_monthly_mean', 'dew_point_last_2_year_monthly_mean', 'dew_point_last_3_year_monthly_mean', 'average_temperature_quarterly_mean', 'maximum_temperature_quarterly_mean', 'minimum_temperature_quarterly_mean', 'precipitation_quarterly_mean', 'snow_depth_quarterly_mean', 'wind_gust_quarterly_mean', 'dew_point_quarterly_mean', 'average_temperature_yearly_mean', 'maximum_temperature_yearly_mean', 'minimum_temperature_yearly_mean', 'precipitation_yearly_mean', 'snow_depth_yearly_mean', 'wind_gust_yearly_mean', 'dew_point_yearly_mean'] ['NDVI', 'SoilMoisture', 'latitude', 'longitude', 'sea_distance', 'day_of_week', 'day_of_year', 'is_weekend', 'is_holiday', 'average_temperature_lag_1', 'maximum_temperature_lag_1', 'minimum_temperature_lag_1', 'precipitation_lag_1', 'wind_speed_lag_1', 'maximum_sustained_wind_speed_lag_1', 'wind_gust_lag_1', 'dew_point_lag_1', 'snow_depth_lag_1', 'fog_lag_1', 'thunder_lag_1', 'average_temperature_lag_2', 'average_temperature_lag_3', 'average_temperature_lag_4', 'average_temperature_lag_5', 'average_temperature_lag_6', 'average_temperature_lag_7', 'maximum_temperature_lag_2', 'maximum_temperature_lag_3', 'maximum_temperature_lag_4', 'maximum_temperature_lag_5', 'maximum_temperature_lag_6', 'maximum_temperature_lag_7', 'minimum_temperature_lag_2', 'minimum_temperature_lag_3', 'minimum_temperature_lag_4', 'minimum_temperature_lag_5', 'minimum_temperature_lag_6', 'minimum_temperature_lag_7', 'precipitation_lag_2', 'precipitation_lag_3', 'precipitation_lag_4', 'precipitation_lag_5', 'precipitation_lag_6', 'precipitation_lag_7', 'wind_speed_lag_2', 'wind_speed_lag_3', 'wind_speed_lag_4', 'wind_speed_lag_5', 'wind_speed_lag_6', 'wind_speed_lag_7', 'maximum_sustained_wind_speed_lag_2', 'maximum_sustained_wind_speed_lag_3', 'maximum_sustained_wind_speed_lag_4', 'maximum_sustained_wind_speed_lag_5', 'maximum_sustained_wind_speed_lag_6', 'maximum_sustained_wind_speed_lag_7', 'wind_gust_lag_2', 'wind_gust_lag_3', 'wind_gust_lag_4', 'wind_gust_lag_5', 'wind_gust_lag_6', 'wind_gust_lag_7', 'dew_point_lag_2', 'dew_point_lag_3', 'dew_point_lag_4', 'dew_point_lag_5', 'dew_point_lag_6', 'dew_point_lag_7', 'snow_depth_lag_2', 'snow_depth_lag_3', 'snow_depth_lag_4', 'snow_depth_lag_5', 'snow_depth_lag_6', 'snow_depth_lag_7', 'fog_lag_2', 'fog_lag_3', 'fog_lag_4', 'fog_lag_5', 'fog_lag_6', 'fog_lag_7', 'thunder_lag_2', 'thunder_lag_3', 'thunder_lag_4', 'thunder_lag_5', 'thunder_lag_6', 'thunder_lag_7', 'average_temperature_weekly_mean', 'average_temperature_monthly_mean', 'average_temperature_quarterly_mean', 'average_temperature_yearly_mean', 'average_temperature_last_1_year', 'average_temperature_last_2_year', 'average_temperature_last_3_year', 'maximum_temperature_weekly_mean', 'maximum_temperature_monthly_mean', 'maximum_temperature_quarterly_mean', 'maximum_temperature_yearly_mean', 'maximum_temperature_last_1_year', 'maximum_temperature_last_2_year', 'maximum_temperature_last_3_year', 'minimum_temperature_weekly_mean', 'minimum_temperature_monthly_mean', 'minimum_temperature_quarterly_mean', 'minimum_temperature_yearly_mean', 'minimum_temperature_last_1_year', 'minimum_temperature_last_2_year', 'minimum_temperature_last_3_year', 'precipitation_weekly_mean', 'precipitation_monthly_mean', 'precipitation_quarterly_mean', 'precipitation_yearly_mean', 'precipitation_last_1_year', 'precipitation_last_2_year', 'precipitation_last_3_year', 'wind_gust_weekly_mean', 'wind_gust_monthly_mean', 'wind_gust_quarterly_mean', 'wind_gust_yearly_mean', 'wind_gust_last_1_year', 'wind_gust_last_2_year', 'wind_gust_last_3_year', 'dew_point_weekly_mean', 'dew_point_monthly_mean', 'dew_point_quarterly_mean', 'dew_point_yearly_mean', 'dew_point_last_1_year', 'dew_point_last_2_year', 'dew_point_last_3_year', 'snow_depth_weekly_mean', 'snow_depth_monthly_mean', 'snow_depth_quarterly_mean', 'snow_depth_yearly_mean', 'snow_depth_last_1_year', 'snow_depth_last_2_year', 'snow_depth_last_3_year']
expected maximum_temperature_last_2_year_monthly_mean, snow_depth_last_1_year_monthly_mean, minimum_temperature_last_3_year_monthly_mean, snow_depth_last_3_year_monthly_mean, average_temperature_last_2_year_monthly_mean, minimum_temperature_last_2_year_monthly_mean, average_temperature_last_3_year_monthly_mean, dew_point_last_3_year_monthly_mean, minimum_temperature_last_1_year_monthly_mean, wind_gust_last_1_year_monthly_mean, snow_depth_last_2_year_monthly_mean, dew_point_last_2_year_monthly_mean, dew_point_last_1_year_monthly_mean, station_lat, average_temperature_last_1_year_monthly_mean, station_lon, precipitation_last_2_year_monthly_mean, wind_gust_last_3_year_monthly_mean, precipitation_last_1_year_monthly_mean, wind_gust_last_2_year_monthly_mean, maximum_temperature_last_1_year_monthly_mean, maximum_temperature_last_3_year_monthly_mean, precipitation_last_3_year_monthly_mean in input data. Використовую симуляцію.
2026-06-05 06:40:39 | WARNING  | app.state.session            | Помилка реального прогнозу: feature_names mismatch: ['latitude', 'longitude', 'is_holiday', 'day_of_week', 'day_of_year', 'is_weekend', 'NDVI', 'SoilMoisture', 'sea_distance', 'station_lat', 'station_lon', 'average_temperature_lag_1', 'average_temperature_lag_2', 'average_temperature_lag_3', 'average_temperature_lag_4', 'average_temperature_lag_5', 'average_temperature_lag_6', 'average_temperature_lag_7', 'maximum_temperature_lag_1', 'maximum_temperature_lag_2', 'maximum_temperature_lag_3', 'maximum_temperature_lag_4', 'maximum_temperature_lag_5', 'maximum_temperature_lag_6', 'maximum_temperature_lag_7', 'minimum_temperature_lag_1', 'minimum_temperature_lag_2', 'minimum_temperature_lag_3', 'minimum_temperature_lag_4', 'minimum_temperature_lag_5', 'minimum_temperature_lag_6', 'minimum_temperature_lag_7', 'precipitation_lag_1', 'precipitation_lag_2', 'precipitation_lag_3', 'precipitation_lag_4', 'precipitation_lag_5', 'precipitation_lag_6', 'precipitation_lag_7', 'snow_depth_lag_1', 'snow_depth_lag_2', 'snow_depth_lag_3', 'snow_depth_lag_4', 'snow_depth_lag_5', 'snow_depth_lag_6', 'snow_depth_lag_7', 'wind_speed_lag_1', 'wind_speed_lag_2', 'wind_speed_lag_3', 'wind_speed_lag_4', 'wind_speed_lag_5', 'wind_speed_lag_6', 'wind_speed_lag_7', 'maximum_sustained_wind_speed_lag_1', 'maximum_sustained_wind_speed_lag_2', 'maximum_sustained_wind_speed_lag_3', 'maximum_sustained_wind_speed_lag_4', 'maximum_sustained_wind_speed_lag_5', 'maximum_sustained_wind_speed_lag_6', 'maximum_sustained_wind_speed_lag_7', 'wind_gust_lag_1', 'wind_gust_lag_2', 'wind_gust_lag_3', 'wind_gust_lag_4', 'wind_gust_lag_5', 'wind_gust_lag_6', 'wind_gust_lag_7', 'dew_point_lag_1', 'dew_point_lag_2', 'dew_point_lag_3', 'dew_point_lag_4', 'dew_point_lag_5', 'dew_point_lag_6', 'dew_point_lag_7', 'fog_lag_1', 'fog_lag_2', 'fog_lag_3', 'fog_lag_4', 'fog_lag_5', 'fog_lag_6', 'fog_lag_7', 'thunder_lag_1', 'thunder_lag_2', 'thunder_lag_3', 'thunder_lag_4', 'thunder_lag_5', 'thunder_lag_6', 'thunder_lag_7', 'average_temperature_weekly_mean', 'maximum_temperature_weekly_mean', 'minimum_temperature_weekly_mean', 'precipitation_weekly_mean', 'snow_depth_weekly_mean', 'wind_gust_weekly_mean', 'dew_point_weekly_mean', 'average_temperature_last_1_year', 'average_temperature_last_2_year', 'average_temperature_last_3_year', 'maximum_temperature_last_1_year', 'maximum_temperature_last_2_year', 'maximum_temperature_last_3_year', 'minimum_temperature_last_1_year', 'minimum_temperature_last_2_year', 'minimum_temperature_last_3_year', 'precipitation_last_1_year', 'precipitation_last_2_year', 'precipitation_last_3_year', 'snow_depth_last_1_year', 'snow_depth_last_2_year', 'snow_depth_last_3_year', 'wind_gust_last_1_year', 'wind_gust_last_2_year', 'wind_gust_last_3_year', 'dew_point_last_1_year', 'dew_point_last_2_year', 'dew_point_last_3_year', 'average_temperature_monthly_mean', 'maximum_temperature_monthly_mean', 'minimum_temperature_monthly_mean', 'precipitation_monthly_mean', 'snow_depth_monthly_mean', 'wind_gust_monthly_mean', 'dew_point_monthly_mean', 'average_temperature_last_1_year_monthly_mean', 'average_temperature_last_2_year_monthly_mean', 'average_temperature_last_3_year_monthly_mean', 'maximum_temperature_last_1_year_monthly_mean', 'maximum_temperature_last_2_year_monthly_mean', 'maximum_temperature_last_3_year_monthly_mean', 'minimum_temperature_last_1_year_monthly_mean', 'minimum_temperature_last_2_year_monthly_mean', 'minimum_temperature_last_3_year_monthly_mean', 'precipitation_last_1_year_monthly_mean', 'precipitation_last_2_year_monthly_mean', 'precipitation_last_3_year_monthly_mean', 'snow_depth_last_1_year_monthly_mean', 'snow_depth_last_2_year_monthly_mean', 'snow_depth_last_3_year_monthly_mean', 'wind_gust_last_1_year_monthly_mean', 'wind_gust_last_2_year_monthly_mean', 'wind_gust_last_3_year_monthly_mean', 'dew_point_last_1_year_monthly_mean', 'dew_point_last_2_year_monthly_mean', 'dew_point_last_3_year_monthly_mean', 'average_temperature_quarterly_mean', 'maximum_temperature_quarterly_mean', 'minimum_temperature_quarterly_mean', 'precipitation_quarterly_mean', 'snow_depth_quarterly_mean', 'wind_gust_quarterly_mean', 'dew_point_quarterly_mean', 'average_temperature_yearly_mean', 'maximum_temperature_yearly_mean', 'minimum_temperature_yearly_mean', 'precipitation_yearly_mean', 'snow_depth_yearly_mean', 'wind_gust_yearly_mean', 'dew_point_yearly_mean'] ['NDVI', 'SoilMoisture', 'latitude', 'longitude', 'sea_distance', 'day_of_week', 'day_of_year', 'is_weekend', 'is_holiday', 'average_temperature_lag_1', 'maximum_temperature_lag_1', 'minimum_temperature_lag_1', 'precipitation_lag_1', 'wind_speed_lag_1', 'maximum_sustained_wind_speed_lag_1', 'wind_gust_lag_1', 'dew_point_lag_1', 'snow_depth_lag_1', 'fog_lag_1', 'thunder_lag_1', 'average_temperature_lag_2', 'average_temperature_lag_3', 'average_temperature_lag_4', 'average_temperature_lag_5', 'average_temperature_lag_6', 'average_temperature_lag_7', 'maximum_temperature_lag_2', 'maximum_temperature_lag_3', 'maximum_temperature_lag_4', 'maximum_temperature_lag_5', 'maximum_temperature_lag_6', 'maximum_temperature_lag_7', 'minimum_temperature_lag_2', 'minimum_temperature_lag_3', 'minimum_temperature_lag_4', 'minimum_temperature_lag_5', 'minimum_temperature_lag_6', 'minimum_temperature_lag_7', 'precipitation_lag_2', 'precipitation_lag_3', 'precipitation_lag_4', 'precipitation_lag_5', 'precipitation_lag_6', 'precipitation_lag_7', 'wind_speed_lag_2', 'wind_speed_lag_3', 'wind_speed_lag_4', 'wind_speed_lag_5', 'wind_speed_lag_6', 'wind_speed_lag_7', 'maximum_sustained_wind_speed_lag_2', 'maximum_sustained_wind_speed_lag_3', 'maximum_sustained_wind_speed_lag_4', 'maximum_sustained_wind_speed_lag_5', 'maximum_sustained_wind_speed_lag_6', 'maximum_sustained_wind_speed_lag_7', 'wind_gust_lag_2', 'wind_gust_lag_3', 'wind_gust_lag_4', 'wind_gust_lag_5', 'wind_gust_lag_6', 'wind_gust_lag_7', 'dew_point_lag_2', 'dew_point_lag_3', 'dew_point_lag_4', 'dew_point_lag_5', 'dew_point_lag_6', 'dew_point_lag_7', 'snow_depth_lag_2', 'snow_depth_lag_3', 'snow_depth_lag_4', 'snow_depth_lag_5', 'snow_depth_lag_6', 'snow_depth_lag_7', 'fog_lag_2', 'fog_lag_3', 'fog_lag_4', 'fog_lag_5', 'fog_lag_6', 'fog_lag_7', 'thunder_lag_2', 'thunder_lag_3', 'thunder_lag_4', 'thunder_lag_5', 'thunder_lag_6', 'thunder_lag_7', 'average_temperature_weekly_mean', 'average_temperature_monthly_mean', 'average_temperature_quarterly_mean', 'average_temperature_yearly_mean', 'average_temperature_last_1_year', 'average_temperature_last_2_year', 'average_temperature_last_3_year', 'maximum_temperature_weekly_mean', 'maximum_temperature_monthly_mean', 'maximum_temperature_quarterly_mean', 'maximum_temperature_yearly_mean', 'maximum_temperature_last_1_year', 'maximum_temperature_last_2_year', 'maximum_temperature_last_3_year', 'minimum_temperature_weekly_mean', 'minimum_temperature_monthly_mean', 'minimum_temperature_quarterly_mean', 'minimum_temperature_yearly_mean', 'minimum_temperature_last_1_year', 'minimum_temperature_last_2_year', 'minimum_temperature_last_3_year', 'precipitation_weekly_mean', 'precipitation_monthly_mean', 'precipitation_quarterly_mean', 'precipitation_yearly_mean', 'precipitation_last_1_year', 'precipitation_last_2_year', 'precipitation_last_3_year', 'wind_gust_weekly_mean', 'wind_gust_monthly_mean', 'wind_gust_quarterly_mean', 'wind_gust_yearly_mean', 'wind_gust_last_1_year', 'wind_gust_last_2_year', 'wind_gust_last_3_year', 'dew_point_weekly_mean', 'dew_point_monthly_mean', 'dew_point_quarterly_mean', 'dew_point_yearly_mean', 'dew_point_last_1_year', 'dew_point_last_2_year', 'dew_point_last_3_year', 'snow_depth_weekly_mean', 'snow_depth_monthly_mean', 'snow_depth_quarterly_mean', 'snow_depth_yearly_mean', 'snow_depth_last_1_year', 'snow_depth_last_2_year', 'snow_depth_last_3_year']
expected maximum_temperature_last_2_year_monthly_mean, snow_depth_last_1_year_monthly_mean, minimum_temperature_last_3_year_monthly_mean, snow_depth_last_3_year_monthly_mean, average_temperature_last_2_year_monthly_mean, minimum_temperature_last_2_year_monthly_mean, average_temperature_last_3_year_monthly_mean, dew_point_last_3_year_monthly_mean, minimum_temperature_last_1_year_monthly_mean, wind_gust_last_1_year_monthly_mean, snow_depth_last_2_year_monthly_mean, dew_point_last_2_year_monthly_mean, dew_point_last_1_year_monthly_mean, station_lat, average_temperature_last_1_year_monthly_mean, station_lon, precipitation_last_2_year_monthly_mean, wind_gust_last_3_year_monthly_mean, precipitation_last_1_year_monthly_mean, wind_gust_last_2_year_monthly_mean, maximum_temperature_last_1_year_monthly_mean, maximum_temperature_last_3_year_monthly_mean, precipitation_last_3_year_monthly_mean in input data. Використовую симуляцію.
2026-06-05 06:40:43 | INFO     | src.visualization.firms_loader | FIRMS: запит → https://firms.modaps.eosdis.nasa.gov/api/area/csv/2b55f93cb3b9ee472973e34016334f09/VIIRS_SNPP_NRT/-13.5,27.5,-1.0,35.8/10
2026-06-05 06:40:44 | WARNING  | src.visualization.firms_loader | FIRMS: помилка API (400 Client Error: Bad Request for url: https://firms.modaps.eosdis.nasa.gov/api/area/csv/2b55f93cb3b9ee472973e34016334f09/VIIRS_SNPP_NRT/-13.5,27.5,-1.0,35.8/10), використовую мок дані
2026-06-05 19:58:18 | INFO     | train                        | =======================================================
2026-06-05 19:58:18 | INFO     | train                        |   FFIS — НАВЧАННЯ МОДЕЛЕЙ
2026-06-05 19:58:18 | INFO     | train                        | =======================================================
2026-06-05 19:58:18 | INFO     | train                        | Крок 1: Завантаження даних...
2026-06-05 19:58:18 | INFO     | src.data.loader              | Завантажую: D:\projects\pycharm\ffis\data\Date_final_dataset_balanced_float32.parquet
2026-06-05 19:58:20 | INFO     | src.data.loader              | Завантажено: (934586, 278) | 1043.0 MB
2026-06-05 19:58:20 | INFO     | src.data.loader              | Валідація: OK (278 колонок)
2026-06-05 19:58:20 | INFO     | src.data.loader              | Баланс: {1: 467293, 0: 467293}
2026-06-05 19:58:20 | INFO     | src.data.loader              | Вибірка 200000 рядків
2026-06-05 19:58:21 | INFO     | src.data.loader              | Після вибірки: (200000, 250) | is_fire: True
2026-06-05 19:58:21 | INFO     | src.data.loader              | Фінальний розмір: (200000, 250)
2026-06-05 19:58:21 | INFO     | train                        | Крок 2: Вибір ознак...
2026-06-05 19:58:21 | INFO     | train                        | Ознак для навчання: 158
2026-06-05 19:58:21 | INFO     | train                        | Крок 3: Розбивка даних...
2026-06-05 19:58:22 | INFO     | src.data.splitter            | Розбивка: {'train': (140000, 158), 'val': (20000, 158), 'test': (40000, 158)}
2026-06-05 19:58:22 | INFO     | train                        | Крок 4: Навчання XGBoost...
2026-06-05 19:58:22 | INFO     | src.training.trainer         | === Навчання: XGBoost ===
2026-06-05 19:58:22 | INFO     | src.features.engineering     | Imputer: 163 колонок
2026-06-05 19:58:22 | INFO     | src.features.engineering     | Winsorizer: 163 колонок
2026-06-05 19:58:23 | INFO     | src.features.engineering     | Log1p: 5 колонок
2026-06-05 19:58:23 | INFO     | src.features.engineering     | ColumnSelector: 158 / 163
2026-06-05 19:58:23 | INFO     | src.training.trainer         | Ознак після pipeline: 158
2026-06-05 19:58:23 | INFO     | src.models.base_model        | XGBoost: навчання на 140000 рядках
2026-06-05 19:58:32 | INFO     | src.training.trainer         | Час навчання: 10.5 сек
2026-06-05 19:58:32 | INFO     | train                        | Крок 5: Оцінка XGBoost...
2026-06-05 19:58:32 | INFO     | src.evaluation.evaluator     | Оцінка: XGBoost
2026-06-05 19:58:33 | INFO     | src.evaluation.evaluator     | AUC=0.9905  F1=0.9526  Acc=0.9517
2026-06-05 19:58:33 | INFO     | src.models.base_model        | XGBoost збережено → D:\projects\pycharm\ffis\artifacts\models\xgboost_v1.joblib
2026-06-05 19:58:33 | INFO     | src.training.trainer         | Артефакти збережено
2026-06-05 19:58:33 | INFO     | train                        | Крок 4: Навчання RandomForest...
2026-06-05 19:58:33 | INFO     | src.training.trainer         | === Навчання: RandomForest ===
2026-06-05 19:58:33 | INFO     | src.features.engineering     | Imputer: 163 колонок
2026-06-05 19:58:33 | INFO     | src.features.engineering     | Winsorizer: 163 колонок
2026-06-05 19:58:34 | INFO     | src.features.engineering     | Log1p: 5 колонок
2026-06-05 19:58:34 | INFO     | src.features.engineering     | ColumnSelector: 158 / 163
2026-06-05 19:58:34 | INFO     | src.training.trainer         | Ознак після pipeline: 158
2026-06-05 19:58:34 | INFO     | src.models.base_model        | RandomForest: навчання на 140000 рядках
2026-06-05 19:59:01 | INFO     | src.training.trainer         | Час навчання: 28.0 сек
2026-06-05 19:59:01 | INFO     | train                        | Крок 5: Оцінка RandomForest...
2026-06-05 19:59:01 | INFO     | src.evaluation.evaluator     | Оцінка: RandomForest
2026-06-05 19:59:01 | INFO     | src.evaluation.evaluator     | AUC=0.9767  F1=0.9187  Acc=0.9155
2026-06-05 19:59:01 | INFO     | src.models.base_model        | RandomForest збережено → D:\projects\pycharm\ffis\artifacts\models\randomforest_v1.joblib
2026-06-05 19:59:01 | INFO     | src.training.trainer         | Артефакти збережено
2026-06-05 19:59:01 | INFO     | train                        | Крок 4: Навчання LogisticRegression...
2026-06-05 19:59:01 | INFO     | src.training.trainer         | === Навчання: LogisticRegression ===
2026-06-05 19:59:02 | INFO     | src.features.engineering     | Imputer: 163 колонок
2026-06-05 19:59:02 | INFO     | src.features.engineering     | Winsorizer: 163 колонок
2026-06-05 19:59:02 | INFO     | src.features.engineering     | Log1p: 5 колонок
2026-06-05 19:59:02 | INFO     | src.features.engineering     | ColumnSelector: 158 / 163
2026-06-05 19:59:03 | INFO     | src.features.engineering     | Scaler: 158 колонок
2026-06-05 19:59:03 | INFO     | src.training.trainer         | Ознак після pipeline: 158
2026-06-05 19:59:03 | INFO     | src.models.base_model        | LogisticRegression: навчання на 140000 рядках
2026-06-05 19:59:07 | INFO     | src.training.trainer         | Час навчання: 5.6 сек
2026-06-05 19:59:07 | INFO     | train                        | Крок 5: Оцінка LogisticRegression...
2026-06-05 19:59:07 | INFO     | src.evaluation.evaluator     | Оцінка: LogisticRegression
2026-06-05 19:59:07 | INFO     | src.evaluation.evaluator     | AUC=0.8975  F1=0.8287  Acc=0.8204
2026-06-05 19:59:07 | INFO     | src.models.base_model        | LogisticRegression збережено → D:\projects\pycharm\ffis\artifacts\models\logisticregression_v1.joblib
2026-06-05 19:59:07 | INFO     | src.training.trainer         | Артефакти збережено
2026-06-05 19:59:07 | INFO     | train                        | Крок 4: Навчання SVM...
2026-06-05 19:59:07 | INFO     | src.training.trainer         | === Навчання: SVM ===
2026-06-05 19:59:07 | INFO     | src.features.engineering     | Imputer: 163 колонок
2026-06-05 19:59:08 | INFO     | src.features.engineering     | Winsorizer: 163 колонок
2026-06-05 19:59:08 | INFO     | src.features.engineering     | Log1p: 5 колонок
2026-06-05 19:59:08 | INFO     | src.features.engineering     | ColumnSelector: 158 / 163
2026-06-05 19:59:08 | INFO     | src.features.engineering     | Scaler: 158 колонок
2026-06-05 19:59:08 | INFO     | src.training.trainer         | Ознак після pipeline: 158
2026-06-05 19:59:08 | INFO     | src.models.base_model        | SVM: навчання на 20000 рядках
2026-06-05 20:01:51 | INFO     | src.training.trainer         | Час навчання: 164.1 сек
2026-06-05 20:01:51 | INFO     | train                        | Крок 5: Оцінка SVM...
2026-06-05 20:01:52 | INFO     | src.evaluation.evaluator     | Оцінка: SVM
2026-06-05 20:03:06 | INFO     | src.evaluation.evaluator     | AUC=0.9208  F1=0.8607  Acc=0.8543
2026-06-05 20:03:06 | INFO     | src.models.base_model        | SVM збережено → D:\projects\pycharm\ffis\artifacts\models\svm_v1.joblib
2026-06-05 20:03:06 | INFO     | src.training.trainer         | Артефакти збережено
2026-06-05 20:03:06 | INFO     | train                        | Результати збережено: D:\projects\pycharm\ffis\artifacts\reports\model_comparison.json
2026-06-05 20:03:06 | INFO     | train                        | =======================================================
2026-06-05 20:03:06 | INFO     | train                        |   ПІДСУМОК
2026-06-05 20:03:06 | INFO     | train                        | =======================================================
2026-06-05 20:03:06 | INFO     | train                        | XGBoost                    AUC=0.9905  F1=0.9526
2026-06-05 20:03:06 | INFO     | train                        | RandomForest               AUC=0.9767  F1=0.9187
2026-06-05 20:03:06 | INFO     | train                        | LogisticRegression         AUC=0.8975  F1=0.8287
2026-06-05 20:03:06 | INFO     | train                        | SVM                        AUC=0.9208  F1=0.8607
