2026-06-09 07:23:19 | INFO     | src.data.loader              | Завантажую: D:\projects\pycharm\ffis\data\Date_final_dataset_balanced_float32.parquet
2026-06-09 07:23:20 | INFO     | src.data.loader              | Завантажено: (934586, 278) | 1043.0 MB
2026-06-09 07:23:20 | INFO     | src.data.loader              | Валідація: OK (278 колонок)
2026-06-09 07:23:21 | INFO     | src.data.loader              | Баланс: {1: 467293, 0: 467293}
2026-06-09 07:23:21 | INFO     | src.data.loader              | Вибірка 200000 рядків
2026-06-09 07:23:23 | INFO     | src.data.loader              | Після вибірки: (200000, 250) | is_fire: True
2026-06-09 07:23:23 | INFO     | src.data.loader              | Фінальний розмір: (200000, 250)
2026-06-09 07:23:35 | INFO     | src.explainability.shap_explainer | SHAP TreeExplainer завантажено
2026-06-09 07:24:57 | INFO     | src.data.loader              | Завантажую: D:\projects\pycharm\ffis\data\Date_final_dataset_balanced_float32.parquet
2026-06-09 07:24:57 | INFO     | src.data.loader              | Завантажено: (934586, 278) | 1043.0 MB
2026-06-09 07:24:57 | INFO     | src.data.loader              | Валідація: OK (278 колонок)
2026-06-09 07:24:58 | INFO     | src.data.loader              | Баланс: {1: 467293, 0: 467293}
2026-06-09 07:24:58 | INFO     | src.data.loader              | Вибірка 200000 рядків
2026-06-09 07:24:59 | INFO     | src.data.loader              | Після вибірки: (200000, 250) | is_fire: True
2026-06-09 07:24:59 | INFO     | src.data.loader              | Фінальний розмір: (200000, 250)
2026-06-09 07:25:04 | INFO     | src.explainability.shap_explainer | SHAP TreeExplainer завантажено
2026-06-09 12:18:28 | INFO     | src.data.loader              | Завантажую: D:\projects\pycharm\ffis\data\Date_final_dataset_balanced_float32.parquet
2026-06-09 12:18:30 | INFO     | src.data.loader              | Завантажено: (934586, 278) | 1043.0 MB
2026-06-09 12:18:30 | INFO     | src.data.loader              | Валідація: OK (278 колонок)
2026-06-09 12:18:30 | INFO     | src.data.loader              | Баланс: {1: 467293, 0: 467293}
2026-06-09 12:18:30 | INFO     | src.data.loader              | Вибірка 200000 рядків
2026-06-09 12:18:31 | INFO     | src.data.loader              | Після вибірки: (200000, 250) | is_fire: True
2026-06-09 12:18:31 | INFO     | src.data.loader              | Фінальний розмір: (200000, 250)
2026-06-09 12:18:37 | INFO     | src.visualization.firms_loader | FIRMS: запит → https://firms.modaps.eosdis.nasa.gov/api/area/csv/2b55f93cb3b9ee472973e34016334f09/VIIRS_SNPP_NRT/-13.5,27.5,-1.0,35.8/10
2026-06-09 12:18:38 | WARNING  | src.visualization.firms_loader | FIRMS: помилка API (400 Client Error: Bad Request for url: https://firms.modaps.eosdis.nasa.gov/api/area/csv/2b55f93cb3b9ee472973e34016334f09/VIIRS_SNPP_NRT/-13.5,27.5,-1.0,35.8/10), використовую мок дані
2026-06-09 12:18:59 | INFO     | src.explainability.shap_explainer | SHAP TreeExplainer завантажено
2026-06-09 12:54:12 | INFO     | train                        | =======================================================
2026-06-09 12:54:12 | INFO     | train                        |   FFIS — НАВЧАННЯ МОДЕЛЕЙ
2026-06-09 12:54:12 | INFO     | train                        | =======================================================
2026-06-09 12:54:12 | INFO     | train                        | Крок 1: Завантаження даних...
2026-06-09 12:54:12 | INFO     | src.data.loader              | Завантажую: D:\projects\pycharm\ffis\data\Date_final_dataset_balanced_float32.parquet
2026-06-09 12:54:14 | INFO     | src.data.loader              | Завантажено: (934586, 278) | 1043.0 MB
2026-06-09 12:54:14 | INFO     | src.data.loader              | Валідація: OK (278 колонок)
2026-06-09 12:54:15 | INFO     | src.data.loader              | Баланс: {1: 467293, 0: 467293}
2026-06-09 12:54:15 | INFO     | src.data.loader              | Вибірка 200000 рядків
2026-06-09 12:54:17 | INFO     | src.data.loader              | Після вибірки: (200000, 250) | is_fire: True
2026-06-09 12:54:17 | INFO     | src.data.loader              | Фінальний розмір: (200000, 250)
2026-06-09 12:54:17 | INFO     | train                        | Крок 2: Вибір ознак...
2026-06-09 12:54:17 | INFO     | train                        | Ознак для навчання: 158
2026-06-09 12:54:17 | INFO     | train                        | Крок 3: Розбивка даних...
2026-06-09 12:54:18 | INFO     | src.data.splitter            | Розбивка: {'train': (140000, 158), 'val': (20000, 158), 'test': (40000, 158)}
2026-06-09 12:54:18 | INFO     | train                        | Крок 4: Навчання XGBoost...
2026-06-09 12:54:18 | INFO     | src.training.trainer         | === Навчання: XGBoost ===
2026-06-09 12:54:18 | INFO     | src.features.engineering     | Imputer: 163 колонок
2026-06-09 12:54:19 | INFO     | src.features.engineering     | Winsorizer: 163 колонок
2026-06-09 12:54:19 | INFO     | src.features.engineering     | Log1p: 5 колонок
2026-06-09 12:54:19 | INFO     | src.features.engineering     | ColumnSelector: 158 / 163
2026-06-09 12:54:20 | INFO     | src.training.trainer         | Ознак після pipeline: 158
2026-06-09 12:54:20 | INFO     | src.models.base_model        | XGBoost: навчання на 140000 рядках
2026-06-09 12:54:29 | INFO     | src.training.trainer         | Час навчання: 11.2 сек
2026-06-09 12:54:29 | INFO     | train                        | Крок 5: Оцінка XGBoost...
2026-06-09 12:54:29 | INFO     | src.evaluation.evaluator     | Оцінка: XGBoost
2026-06-09 12:54:29 | INFO     | src.evaluation.evaluator     | AUC=0.9905  F1=0.9526  Acc=0.9517
2026-06-09 12:54:29 | INFO     | src.models.base_model        | XGBoost збережено → D:\projects\pycharm\ffis\artifacts\models\xgboost_v1.joblib
2026-06-09 12:54:29 | INFO     | src.training.trainer         | Артефакти збережено
2026-06-09 12:54:34 | INFO     | train                        | Рахуємо SHAP значення...
2026-06-09 12:54:35 | INFO     | train                        | SHAP збережено: 158 ознак
2026-06-09 12:54:35 | INFO     | train                        | Крок 4: Навчання RandomForest...
2026-06-09 12:54:35 | INFO     | src.training.trainer         | === Навчання: RandomForest ===
2026-06-09 12:54:35 | INFO     | src.features.engineering     | Imputer: 163 колонок
2026-06-09 12:54:36 | INFO     | src.features.engineering     | Winsorizer: 163 колонок
2026-06-09 12:54:37 | INFO     | src.features.engineering     | Log1p: 5 колонок
2026-06-09 12:54:37 | INFO     | src.features.engineering     | ColumnSelector: 158 / 163
2026-06-09 12:54:37 | INFO     | src.training.trainer         | Ознак після pipeline: 158
2026-06-09 12:54:37 | INFO     | src.models.base_model        | RandomForest: навчання на 140000 рядках
2026-06-09 12:55:03 | INFO     | src.training.trainer         | Час навчання: 28.0 сек
2026-06-09 12:55:03 | INFO     | train                        | Крок 5: Оцінка RandomForest...
2026-06-09 12:55:03 | INFO     | src.evaluation.evaluator     | Оцінка: RandomForest
2026-06-09 12:55:04 | INFO     | src.evaluation.evaluator     | AUC=0.9767  F1=0.9187  Acc=0.9155
2026-06-09 12:55:04 | INFO     | src.models.base_model        | RandomForest збережено → D:\projects\pycharm\ffis\artifacts\models\randomforest_v1.joblib
2026-06-09 12:55:04 | INFO     | src.training.trainer         | Артефакти збережено
2026-06-09 12:55:04 | INFO     | train                        | Крок 4: Навчання LogisticRegression...
2026-06-09 12:55:04 | INFO     | src.training.trainer         | === Навчання: LogisticRegression ===
2026-06-09 12:55:04 | INFO     | src.features.engineering     | Imputer: 163 колонок
2026-06-09 12:55:04 | INFO     | src.features.engineering     | Winsorizer: 163 колонок
2026-06-09 12:55:05 | INFO     | src.features.engineering     | Log1p: 5 колонок
2026-06-09 12:55:05 | INFO     | src.features.engineering     | ColumnSelector: 158 / 163
2026-06-09 12:55:05 | INFO     | src.features.engineering     | Scaler: 158 колонок
2026-06-09 12:55:05 | INFO     | src.training.trainer         | Ознак після pipeline: 158
2026-06-09 12:55:05 | INFO     | src.models.base_model        | LogisticRegression: навчання на 140000 рядках
2026-06-09 12:55:08 | INFO     | src.training.trainer         | Час навчання: 4.8 сек
2026-06-09 12:55:08 | INFO     | train                        | Крок 5: Оцінка LogisticRegression...
2026-06-09 12:55:09 | INFO     | src.evaluation.evaluator     | Оцінка: LogisticRegression
2026-06-09 12:55:09 | INFO     | src.evaluation.evaluator     | AUC=0.8975  F1=0.8287  Acc=0.8204
2026-06-09 12:55:09 | INFO     | src.models.base_model        | LogisticRegression збережено → D:\projects\pycharm\ffis\artifacts\models\logisticregression_v1.joblib
2026-06-09 12:55:09 | INFO     | src.training.trainer         | Артефакти збережено
2026-06-09 12:55:09 | INFO     | train                        | Крок 4: Навчання SVM...
2026-06-09 12:55:09 | INFO     | src.training.trainer         | === Навчання: SVM ===
2026-06-09 12:55:09 | INFO     | src.features.engineering     | Imputer: 163 колонок
2026-06-09 12:55:09 | INFO     | src.features.engineering     | Winsorizer: 163 колонок
2026-06-09 12:55:09 | INFO     | src.features.engineering     | Log1p: 5 колонок
2026-06-09 12:55:09 | INFO     | src.features.engineering     | ColumnSelector: 158 / 163
2026-06-09 12:55:09 | INFO     | src.features.engineering     | Scaler: 158 колонок
2026-06-09 12:55:09 | INFO     | src.training.trainer         | Ознак після pipeline: 158
2026-06-09 12:55:09 | INFO     | src.models.base_model        | SVM: навчання на 20000 рядках
2026-06-09 12:57:35 | INFO     | src.training.trainer         | Час навчання: 145.6 сек
2026-06-09 12:57:35 | INFO     | train                        | Крок 5: Оцінка SVM...
2026-06-09 12:57:35 | INFO     | src.evaluation.evaluator     | Оцінка: SVM
2026-06-09 12:58:45 | INFO     | src.evaluation.evaluator     | AUC=0.9208  F1=0.8607  Acc=0.8543
2026-06-09 12:58:45 | INFO     | src.models.base_model        | SVM збережено → D:\projects\pycharm\ffis\artifacts\models\svm_v1.joblib
2026-06-09 12:58:45 | INFO     | src.training.trainer         | Артефакти збережено
2026-06-09 12:58:45 | INFO     | train                        | Результати збережено: D:\projects\pycharm\ffis\artifacts\reports\model_comparison.json
2026-06-09 12:58:45 | INFO     | train                        | =======================================================
2026-06-09 12:58:45 | INFO     | train                        |   ПІДСУМОК
2026-06-09 12:58:45 | INFO     | train                        | =======================================================
2026-06-09 12:58:45 | INFO     | train                        | XGBoost                    AUC=0.9905  F1=0.9526
2026-06-09 12:58:45 | INFO     | train                        | RandomForest               AUC=0.9767  F1=0.9187
2026-06-09 12:58:45 | INFO     | train                        | LogisticRegression         AUC=0.8975  F1=0.8287
2026-06-09 12:58:45 | INFO     | train                        | SVM                        AUC=0.9208  F1=0.8607
2026-06-09 13:00:58 | INFO     | src.data.loader              | Завантажую: D:\projects\pycharm\ffis\data\Date_final_dataset_balanced_float32.parquet
2026-06-09 13:00:59 | INFO     | src.data.loader              | Завантажено: (934586, 278) | 1043.0 MB
2026-06-09 13:00:59 | INFO     | src.data.loader              | Валідація: OK (278 колонок)
2026-06-09 13:00:59 | INFO     | src.data.loader              | Баланс: {1: 467293, 0: 467293}
2026-06-09 13:00:59 | INFO     | src.data.loader              | Вибірка 200000 рядків
2026-06-09 13:01:00 | INFO     | src.data.loader              | Після вибірки: (200000, 250) | is_fire: True
2026-06-09 13:01:01 | INFO     | src.data.loader              | Фінальний розмір: (200000, 250)
2026-06-09 13:01:07 | INFO     | src.explainability.shap_explainer | SHAP TreeExplainer завантажено
2026-06-09 13:01:19 | INFO     | src.visualization.firms_loader | FIRMS: запит → https://firms.modaps.eosdis.nasa.gov/api/area/csv/2b55f93cb3b9ee472973e34016334f09/VIIRS_SNPP_NRT/-13.5,27.5,-1.0,35.8/10
2026-06-09 13:01:20 | WARNING  | src.visualization.firms_loader | FIRMS: помилка API (400 Client Error: Bad Request for url: https://firms.modaps.eosdis.nasa.gov/api/area/csv/2b55f93cb3b9ee472973e34016334f09/VIIRS_SNPP_NRT/-13.5,27.5,-1.0,35.8/10), використовую мок дані
2026-06-09 13:12:47 | WARNING  | app.state.session            | Помилка реального прогнозу: feature_names mismatch: ['latitude', 'longitude', 'is_holiday', 'day_of_week', 'day_of_year', 'is_weekend', 'NDVI', 'SoilMoisture', 'sea_distance', 'station_lat', 'station_lon', 'average_temperature_lag_1', 'average_temperature_lag_2', 'average_temperature_lag_3', 'average_temperature_lag_4', 'average_temperature_lag_5', 'average_temperature_lag_6', 'average_temperature_lag_7', 'maximum_temperature_lag_1', 'maximum_temperature_lag_2', 'maximum_temperature_lag_3', 'maximum_temperature_lag_4', 'maximum_temperature_lag_5', 'maximum_temperature_lag_6', 'maximum_temperature_lag_7', 'minimum_temperature_lag_1', 'minimum_temperature_lag_2', 'minimum_temperature_lag_3', 'minimum_temperature_lag_4', 'minimum_temperature_lag_5', 'minimum_temperature_lag_6', 'minimum_temperature_lag_7', 'precipitation_lag_1', 'precipitation_lag_2', 'precipitation_lag_3', 'precipitation_lag_4', 'precipitation_lag_5', 'precipitation_lag_6', 'precipitation_lag_7', 'snow_depth_lag_1', 'snow_depth_lag_2', 'snow_depth_lag_3', 'snow_depth_lag_4', 'snow_depth_lag_5', 'snow_depth_lag_6', 'snow_depth_lag_7', 'wind_speed_lag_1', 'wind_speed_lag_2', 'wind_speed_lag_3', 'wind_speed_lag_4', 'wind_speed_lag_5', 'wind_speed_lag_6', 'wind_speed_lag_7', 'maximum_sustained_wind_speed_lag_1', 'maximum_sustained_wind_speed_lag_2', 'maximum_sustained_wind_speed_lag_3', 'maximum_sustained_wind_speed_lag_4', 'maximum_sustained_wind_speed_lag_5', 'maximum_sustained_wind_speed_lag_6', 'maximum_sustained_wind_speed_lag_7', 'wind_gust_lag_1', 'wind_gust_lag_2', 'wind_gust_lag_3', 'wind_gust_lag_4', 'wind_gust_lag_5', 'wind_gust_lag_6', 'wind_gust_lag_7', 'dew_point_lag_1', 'dew_point_lag_2', 'dew_point_lag_3', 'dew_point_lag_4', 'dew_point_lag_5', 'dew_point_lag_6', 'dew_point_lag_7', 'fog_lag_1', 'fog_lag_2', 'fog_lag_3', 'fog_lag_4', 'fog_lag_5', 'fog_lag_6', 'fog_lag_7', 'thunder_lag_1', 'thunder_lag_2', 'thunder_lag_3', 'thunder_lag_4', 'thunder_lag_5', 'thunder_lag_6', 'thunder_lag_7', 'average_temperature_weekly_mean', 'maximum_temperature_weekly_mean', 'minimum_temperature_weekly_mean', 'precipitation_weekly_mean', 'snow_depth_weekly_mean', 'wind_gust_weekly_mean', 'dew_point_weekly_mean', 'average_temperature_last_1_year', 'average_temperature_last_2_year', 'average_temperature_last_3_year', 'maximum_temperature_last_1_year', 'maximum_temperature_last_2_year', 'maximum_temperature_last_3_year', 'minimum_temperature_last_1_year', 'minimum_temperature_last_2_year', 'minimum_temperature_last_3_year', 'precipitation_last_1_year', 'precipitation_last_2_year', 'precipitation_last_3_year', 'snow_depth_last_1_year', 'snow_depth_last_2_year', 'snow_depth_last_3_year', 'wind_gust_last_1_year', 'wind_gust_last_2_year', 'wind_gust_last_3_year', 'dew_point_last_1_year', 'dew_point_last_2_year', 'dew_point_last_3_year', 'average_temperature_monthly_mean', 'maximum_temperature_monthly_mean', 'minimum_temperature_monthly_mean', 'precipitation_monthly_mean', 'snow_depth_monthly_mean', 'wind_gust_monthly_mean', 'dew_point_monthly_mean', 'average_temperature_last_1_year_monthly_mean', 'average_temperature_last_2_year_monthly_mean', 'average_temperature_last_3_year_monthly_mean', 'maximum_temperature_last_1_year_monthly_mean', 'maximum_temperature_last_2_year_monthly_mean', 'maximum_temperature_last_3_year_monthly_mean', 'minimum_temperature_last_1_year_monthly_mean', 'minimum_temperature_last_2_year_monthly_mean', 'minimum_temperature_last_3_year_monthly_mean', 'precipitation_last_1_year_monthly_mean', 'precipitation_last_2_year_monthly_mean', 'precipitation_last_3_year_monthly_mean', 'snow_depth_last_1_year_monthly_mean', 'snow_depth_last_2_year_monthly_mean', 'snow_depth_last_3_year_monthly_mean', 'wind_gust_last_1_year_monthly_mean', 'wind_gust_last_2_year_monthly_mean', 'wind_gust_last_3_year_monthly_mean', 'dew_point_last_1_year_monthly_mean', 'dew_point_last_2_year_monthly_mean', 'dew_point_last_3_year_monthly_mean', 'average_temperature_quarterly_mean', 'maximum_temperature_quarterly_mean', 'minimum_temperature_quarterly_mean', 'precipitation_quarterly_mean', 'snow_depth_quarterly_mean', 'wind_gust_quarterly_mean', 'dew_point_quarterly_mean', 'average_temperature_yearly_mean', 'maximum_temperature_yearly_mean', 'minimum_temperature_yearly_mean', 'precipitation_yearly_mean', 'snow_depth_yearly_mean', 'wind_gust_yearly_mean', 'dew_point_yearly_mean'] ['NDVI', 'SoilMoisture', 'latitude', 'longitude', 'sea_distance', 'day_of_week', 'day_of_year', 'is_weekend', 'is_holiday', 'average_temperature_lag_1', 'maximum_temperature_lag_1', 'minimum_temperature_lag_1', 'precipitation_lag_1', 'wind_speed_lag_1', 'maximum_sustained_wind_speed_lag_1', 'wind_gust_lag_1', 'dew_point_lag_1', 'snow_depth_lag_1', 'fog_lag_1', 'thunder_lag_1', 'average_temperature_lag_2', 'average_temperature_lag_3', 'average_temperature_lag_4', 'average_temperature_lag_5', 'average_temperature_lag_6', 'average_temperature_lag_7', 'maximum_temperature_lag_2', 'maximum_temperature_lag_3', 'maximum_temperature_lag_4', 'maximum_temperature_lag_5', 'maximum_temperature_lag_6', 'maximum_temperature_lag_7', 'minimum_temperature_lag_2', 'minimum_temperature_lag_3', 'minimum_temperature_lag_4', 'minimum_temperature_lag_5', 'minimum_temperature_lag_6', 'minimum_temperature_lag_7', 'precipitation_lag_2', 'precipitation_lag_3', 'precipitation_lag_4', 'precipitation_lag_5', 'precipitation_lag_6', 'precipitation_lag_7', 'wind_speed_lag_2', 'wind_speed_lag_3', 'wind_speed_lag_4', 'wind_speed_lag_5', 'wind_speed_lag_6', 'wind_speed_lag_7', 'maximum_sustained_wind_speed_lag_2', 'maximum_sustained_wind_speed_lag_3', 'maximum_sustained_wind_speed_lag_4', 'maximum_sustained_wind_speed_lag_5', 'maximum_sustained_wind_speed_lag_6', 'maximum_sustained_wind_speed_lag_7', 'wind_gust_lag_2', 'wind_gust_lag_3', 'wind_gust_lag_4', 'wind_gust_lag_5', 'wind_gust_lag_6', 'wind_gust_lag_7', 'dew_point_lag_2', 'dew_point_lag_3', 'dew_point_lag_4', 'dew_point_lag_5', 'dew_point_lag_6', 'dew_point_lag_7', 'snow_depth_lag_2', 'snow_depth_lag_3', 'snow_depth_lag_4', 'snow_depth_lag_5', 'snow_depth_lag_6', 'snow_depth_lag_7', 'fog_lag_2', 'fog_lag_3', 'fog_lag_4', 'fog_lag_5', 'fog_lag_6', 'fog_lag_7', 'thunder_lag_2', 'thunder_lag_3', 'thunder_lag_4', 'thunder_lag_5', 'thunder_lag_6', 'thunder_lag_7', 'average_temperature_weekly_mean', 'average_temperature_monthly_mean', 'average_temperature_quarterly_mean', 'average_temperature_yearly_mean', 'average_temperature_last_1_year', 'average_temperature_last_2_year', 'average_temperature_last_3_year', 'maximum_temperature_weekly_mean', 'maximum_temperature_monthly_mean', 'maximum_temperature_quarterly_mean', 'maximum_temperature_yearly_mean', 'maximum_temperature_last_1_year', 'maximum_temperature_last_2_year', 'maximum_temperature_last_3_year', 'minimum_temperature_weekly_mean', 'minimum_temperature_monthly_mean', 'minimum_temperature_quarterly_mean', 'minimum_temperature_yearly_mean', 'minimum_temperature_last_1_year', 'minimum_temperature_last_2_year', 'minimum_temperature_last_3_year', 'precipitation_weekly_mean', 'precipitation_monthly_mean', 'precipitation_quarterly_mean', 'precipitation_yearly_mean', 'precipitation_last_1_year', 'precipitation_last_2_year', 'precipitation_last_3_year', 'wind_gust_weekly_mean', 'wind_gust_monthly_mean', 'wind_gust_quarterly_mean', 'wind_gust_yearly_mean', 'wind_gust_last_1_year', 'wind_gust_last_2_year', 'wind_gust_last_3_year', 'dew_point_weekly_mean', 'dew_point_monthly_mean', 'dew_point_quarterly_mean', 'dew_point_yearly_mean', 'dew_point_last_1_year', 'dew_point_last_2_year', 'dew_point_last_3_year', 'snow_depth_weekly_mean', 'snow_depth_monthly_mean', 'snow_depth_quarterly_mean', 'snow_depth_yearly_mean', 'snow_depth_last_1_year', 'snow_depth_last_2_year', 'snow_depth_last_3_year']
expected station_lat, precipitation_last_3_year_monthly_mean, precipitation_last_1_year_monthly_mean, snow_depth_last_3_year_monthly_mean, dew_point_last_1_year_monthly_mean, snow_depth_last_1_year_monthly_mean, maximum_temperature_last_2_year_monthly_mean, maximum_temperature_last_1_year_monthly_mean, minimum_temperature_last_1_year_monthly_mean, maximum_temperature_last_3_year_monthly_mean, average_temperature_last_2_year_monthly_mean, station_lon, wind_gust_last_1_year_monthly_mean, minimum_temperature_last_2_year_monthly_mean, precipitation_last_2_year_monthly_mean, wind_gust_last_3_year_monthly_mean, average_temperature_last_3_year_monthly_mean, minimum_temperature_last_3_year_monthly_mean, dew_point_last_3_year_monthly_mean, dew_point_last_2_year_monthly_mean, snow_depth_last_2_year_monthly_mean, wind_gust_last_2_year_monthly_mean, average_temperature_last_1_year_monthly_mean in input data. Використовую симуляцію.
2026-06-09 13:13:07 | WARNING  | app.state.session            | Помилка реального прогнозу: feature_names mismatch: ['latitude', 'longitude', 'is_holiday', 'day_of_week', 'day_of_year', 'is_weekend', 'NDVI', 'SoilMoisture', 'sea_distance', 'station_lat', 'station_lon', 'average_temperature_lag_1', 'average_temperature_lag_2', 'average_temperature_lag_3', 'average_temperature_lag_4', 'average_temperature_lag_5', 'average_temperature_lag_6', 'average_temperature_lag_7', 'maximum_temperature_lag_1', 'maximum_temperature_lag_2', 'maximum_temperature_lag_3', 'maximum_temperature_lag_4', 'maximum_temperature_lag_5', 'maximum_temperature_lag_6', 'maximum_temperature_lag_7', 'minimum_temperature_lag_1', 'minimum_temperature_lag_2', 'minimum_temperature_lag_3', 'minimum_temperature_lag_4', 'minimum_temperature_lag_5', 'minimum_temperature_lag_6', 'minimum_temperature_lag_7', 'precipitation_lag_1', 'precipitation_lag_2', 'precipitation_lag_3', 'precipitation_lag_4', 'precipitation_lag_5', 'precipitation_lag_6', 'precipitation_lag_7', 'snow_depth_lag_1', 'snow_depth_lag_2', 'snow_depth_lag_3', 'snow_depth_lag_4', 'snow_depth_lag_5', 'snow_depth_lag_6', 'snow_depth_lag_7', 'wind_speed_lag_1', 'wind_speed_lag_2', 'wind_speed_lag_3', 'wind_speed_lag_4', 'wind_speed_lag_5', 'wind_speed_lag_6', 'wind_speed_lag_7', 'maximum_sustained_wind_speed_lag_1', 'maximum_sustained_wind_speed_lag_2', 'maximum_sustained_wind_speed_lag_3', 'maximum_sustained_wind_speed_lag_4', 'maximum_sustained_wind_speed_lag_5', 'maximum_sustained_wind_speed_lag_6', 'maximum_sustained_wind_speed_lag_7', 'wind_gust_lag_1', 'wind_gust_lag_2', 'wind_gust_lag_3', 'wind_gust_lag_4', 'wind_gust_lag_5', 'wind_gust_lag_6', 'wind_gust_lag_7', 'dew_point_lag_1', 'dew_point_lag_2', 'dew_point_lag_3', 'dew_point_lag_4', 'dew_point_lag_5', 'dew_point_lag_6', 'dew_point_lag_7', 'fog_lag_1', 'fog_lag_2', 'fog_lag_3', 'fog_lag_4', 'fog_lag_5', 'fog_lag_6', 'fog_lag_7', 'thunder_lag_1', 'thunder_lag_2', 'thunder_lag_3', 'thunder_lag_4', 'thunder_lag_5', 'thunder_lag_6', 'thunder_lag_7', 'average_temperature_weekly_mean', 'maximum_temperature_weekly_mean', 'minimum_temperature_weekly_mean', 'precipitation_weekly_mean', 'snow_depth_weekly_mean', 'wind_gust_weekly_mean', 'dew_point_weekly_mean', 'average_temperature_last_1_year', 'average_temperature_last_2_year', 'average_temperature_last_3_year', 'maximum_temperature_last_1_year', 'maximum_temperature_last_2_year', 'maximum_temperature_last_3_year', 'minimum_temperature_last_1_year', 'minimum_temperature_last_2_year', 'minimum_temperature_last_3_year', 'precipitation_last_1_year', 'precipitation_last_2_year', 'precipitation_last_3_year', 'snow_depth_last_1_year', 'snow_depth_last_2_year', 'snow_depth_last_3_year', 'wind_gust_last_1_year', 'wind_gust_last_2_year', 'wind_gust_last_3_year', 'dew_point_last_1_year', 'dew_point_last_2_year', 'dew_point_last_3_year', 'average_temperature_monthly_mean', 'maximum_temperature_monthly_mean', 'minimum_temperature_monthly_mean', 'precipitation_monthly_mean', 'snow_depth_monthly_mean', 'wind_gust_monthly_mean', 'dew_point_monthly_mean', 'average_temperature_last_1_year_monthly_mean', 'average_temperature_last_2_year_monthly_mean', 'average_temperature_last_3_year_monthly_mean', 'maximum_temperature_last_1_year_monthly_mean', 'maximum_temperature_last_2_year_monthly_mean', 'maximum_temperature_last_3_year_monthly_mean', 'minimum_temperature_last_1_year_monthly_mean', 'minimum_temperature_last_2_year_monthly_mean', 'minimum_temperature_last_3_year_monthly_mean', 'precipitation_last_1_year_monthly_mean', 'precipitation_last_2_year_monthly_mean', 'precipitation_last_3_year_monthly_mean', 'snow_depth_last_1_year_monthly_mean', 'snow_depth_last_2_year_monthly_mean', 'snow_depth_last_3_year_monthly_mean', 'wind_gust_last_1_year_monthly_mean', 'wind_gust_last_2_year_monthly_mean', 'wind_gust_last_3_year_monthly_mean', 'dew_point_last_1_year_monthly_mean', 'dew_point_last_2_year_monthly_mean', 'dew_point_last_3_year_monthly_mean', 'average_temperature_quarterly_mean', 'maximum_temperature_quarterly_mean', 'minimum_temperature_quarterly_mean', 'precipitation_quarterly_mean', 'snow_depth_quarterly_mean', 'wind_gust_quarterly_mean', 'dew_point_quarterly_mean', 'average_temperature_yearly_mean', 'maximum_temperature_yearly_mean', 'minimum_temperature_yearly_mean', 'precipitation_yearly_mean', 'snow_depth_yearly_mean', 'wind_gust_yearly_mean', 'dew_point_yearly_mean'] ['NDVI', 'SoilMoisture', 'latitude', 'longitude', 'sea_distance', 'day_of_week', 'day_of_year', 'is_weekend', 'is_holiday', 'average_temperature_lag_1', 'maximum_temperature_lag_1', 'minimum_temperature_lag_1', 'precipitation_lag_1', 'wind_speed_lag_1', 'maximum_sustained_wind_speed_lag_1', 'wind_gust_lag_1', 'dew_point_lag_1', 'snow_depth_lag_1', 'fog_lag_1', 'thunder_lag_1', 'average_temperature_lag_2', 'average_temperature_lag_3', 'average_temperature_lag_4', 'average_temperature_lag_5', 'average_temperature_lag_6', 'average_temperature_lag_7', 'maximum_temperature_lag_2', 'maximum_temperature_lag_3', 'maximum_temperature_lag_4', 'maximum_temperature_lag_5', 'maximum_temperature_lag_6', 'maximum_temperature_lag_7', 'minimum_temperature_lag_2', 'minimum_temperature_lag_3', 'minimum_temperature_lag_4', 'minimum_temperature_lag_5', 'minimum_temperature_lag_6', 'minimum_temperature_lag_7', 'precipitation_lag_2', 'precipitation_lag_3', 'precipitation_lag_4', 'precipitation_lag_5', 'precipitation_lag_6', 'precipitation_lag_7', 'wind_speed_lag_2', 'wind_speed_lag_3', 'wind_speed_lag_4', 'wind_speed_lag_5', 'wind_speed_lag_6', 'wind_speed_lag_7', 'maximum_sustained_wind_speed_lag_2', 'maximum_sustained_wind_speed_lag_3', 'maximum_sustained_wind_speed_lag_4', 'maximum_sustained_wind_speed_lag_5', 'maximum_sustained_wind_speed_lag_6', 'maximum_sustained_wind_speed_lag_7', 'wind_gust_lag_2', 'wind_gust_lag_3', 'wind_gust_lag_4', 'wind_gust_lag_5', 'wind_gust_lag_6', 'wind_gust_lag_7', 'dew_point_lag_2', 'dew_point_lag_3', 'dew_point_lag_4', 'dew_point_lag_5', 'dew_point_lag_6', 'dew_point_lag_7', 'snow_depth_lag_2', 'snow_depth_lag_3', 'snow_depth_lag_4', 'snow_depth_lag_5', 'snow_depth_lag_6', 'snow_depth_lag_7', 'fog_lag_2', 'fog_lag_3', 'fog_lag_4', 'fog_lag_5', 'fog_lag_6', 'fog_lag_7', 'thunder_lag_2', 'thunder_lag_3', 'thunder_lag_4', 'thunder_lag_5', 'thunder_lag_6', 'thunder_lag_7', 'average_temperature_weekly_mean', 'average_temperature_monthly_mean', 'average_temperature_quarterly_mean', 'average_temperature_yearly_mean', 'average_temperature_last_1_year', 'average_temperature_last_2_year', 'average_temperature_last_3_year', 'maximum_temperature_weekly_mean', 'maximum_temperature_monthly_mean', 'maximum_temperature_quarterly_mean', 'maximum_temperature_yearly_mean', 'maximum_temperature_last_1_year', 'maximum_temperature_last_2_year', 'maximum_temperature_last_3_year', 'minimum_temperature_weekly_mean', 'minimum_temperature_monthly_mean', 'minimum_temperature_quarterly_mean', 'minimum_temperature_yearly_mean', 'minimum_temperature_last_1_year', 'minimum_temperature_last_2_year', 'minimum_temperature_last_3_year', 'precipitation_weekly_mean', 'precipitation_monthly_mean', 'precipitation_quarterly_mean', 'precipitation_yearly_mean', 'precipitation_last_1_year', 'precipitation_last_2_year', 'precipitation_last_3_year', 'wind_gust_weekly_mean', 'wind_gust_monthly_mean', 'wind_gust_quarterly_mean', 'wind_gust_yearly_mean', 'wind_gust_last_1_year', 'wind_gust_last_2_year', 'wind_gust_last_3_year', 'dew_point_weekly_mean', 'dew_point_monthly_mean', 'dew_point_quarterly_mean', 'dew_point_yearly_mean', 'dew_point_last_1_year', 'dew_point_last_2_year', 'dew_point_last_3_year', 'snow_depth_weekly_mean', 'snow_depth_monthly_mean', 'snow_depth_quarterly_mean', 'snow_depth_yearly_mean', 'snow_depth_last_1_year', 'snow_depth_last_2_year', 'snow_depth_last_3_year']
expected station_lat, precipitation_last_3_year_monthly_mean, precipitation_last_1_year_monthly_mean, snow_depth_last_3_year_monthly_mean, dew_point_last_1_year_monthly_mean, snow_depth_last_1_year_monthly_mean, maximum_temperature_last_2_year_monthly_mean, maximum_temperature_last_1_year_monthly_mean, minimum_temperature_last_1_year_monthly_mean, maximum_temperature_last_3_year_monthly_mean, average_temperature_last_2_year_monthly_mean, station_lon, wind_gust_last_1_year_monthly_mean, minimum_temperature_last_2_year_monthly_mean, precipitation_last_2_year_monthly_mean, wind_gust_last_3_year_monthly_mean, average_temperature_last_3_year_monthly_mean, minimum_temperature_last_3_year_monthly_mean, dew_point_last_3_year_monthly_mean, dew_point_last_2_year_monthly_mean, snow_depth_last_2_year_monthly_mean, wind_gust_last_2_year_monthly_mean, average_temperature_last_1_year_monthly_mean in input data. Використовую симуляцію.
2026-06-09 13:26:50 | INFO     | src.data.loader              | Завантажую: D:\projects\pycharm\ffis\data\Date_final_dataset_balanced_float32.parquet
2026-06-09 13:26:51 | INFO     | src.data.loader              | Завантажено: (934586, 278) | 1043.0 MB
2026-06-09 13:26:51 | INFO     | src.data.loader              | Валідація: OK (278 колонок)
2026-06-09 13:26:51 | INFO     | src.data.loader              | Баланс: {1: 467293, 0: 467293}
2026-06-09 13:26:51 | INFO     | src.data.loader              | Вибірка 200000 рядків
2026-06-09 13:26:53 | INFO     | src.data.loader              | Після вибірки: (200000, 250) | is_fire: True
2026-06-09 13:26:53 | INFO     | src.data.loader              | Фінальний розмір: (200000, 250)
2026-06-09 13:27:41 | WARNING  | app.state.session            | Помилка реального прогнозу: feature_names mismatch: ['latitude', 'longitude', 'is_holiday', 'day_of_week', 'day_of_year', 'is_weekend', 'NDVI', 'SoilMoisture', 'sea_distance', 'station_lat', 'station_lon', 'average_temperature_lag_1', 'average_temperature_lag_2', 'average_temperature_lag_3', 'average_temperature_lag_4', 'average_temperature_lag_5', 'average_temperature_lag_6', 'average_temperature_lag_7', 'maximum_temperature_lag_1', 'maximum_temperature_lag_2', 'maximum_temperature_lag_3', 'maximum_temperature_lag_4', 'maximum_temperature_lag_5', 'maximum_temperature_lag_6', 'maximum_temperature_lag_7', 'minimum_temperature_lag_1', 'minimum_temperature_lag_2', 'minimum_temperature_lag_3', 'minimum_temperature_lag_4', 'minimum_temperature_lag_5', 'minimum_temperature_lag_6', 'minimum_temperature_lag_7', 'precipitation_lag_1', 'precipitation_lag_2', 'precipitation_lag_3', 'precipitation_lag_4', 'precipitation_lag_5', 'precipitation_lag_6', 'precipitation_lag_7', 'snow_depth_lag_1', 'snow_depth_lag_2', 'snow_depth_lag_3', 'snow_depth_lag_4', 'snow_depth_lag_5', 'snow_depth_lag_6', 'snow_depth_lag_7', 'wind_speed_lag_1', 'wind_speed_lag_2', 'wind_speed_lag_3', 'wind_speed_lag_4', 'wind_speed_lag_5', 'wind_speed_lag_6', 'wind_speed_lag_7', 'maximum_sustained_wind_speed_lag_1', 'maximum_sustained_wind_speed_lag_2', 'maximum_sustained_wind_speed_lag_3', 'maximum_sustained_wind_speed_lag_4', 'maximum_sustained_wind_speed_lag_5', 'maximum_sustained_wind_speed_lag_6', 'maximum_sustained_wind_speed_lag_7', 'wind_gust_lag_1', 'wind_gust_lag_2', 'wind_gust_lag_3', 'wind_gust_lag_4', 'wind_gust_lag_5', 'wind_gust_lag_6', 'wind_gust_lag_7', 'dew_point_lag_1', 'dew_point_lag_2', 'dew_point_lag_3', 'dew_point_lag_4', 'dew_point_lag_5', 'dew_point_lag_6', 'dew_point_lag_7', 'fog_lag_1', 'fog_lag_2', 'fog_lag_3', 'fog_lag_4', 'fog_lag_5', 'fog_lag_6', 'fog_lag_7', 'thunder_lag_1', 'thunder_lag_2', 'thunder_lag_3', 'thunder_lag_4', 'thunder_lag_5', 'thunder_lag_6', 'thunder_lag_7', 'average_temperature_weekly_mean', 'maximum_temperature_weekly_mean', 'minimum_temperature_weekly_mean', 'precipitation_weekly_mean', 'snow_depth_weekly_mean', 'wind_gust_weekly_mean', 'dew_point_weekly_mean', 'average_temperature_last_1_year', 'average_temperature_last_2_year', 'average_temperature_last_3_year', 'maximum_temperature_last_1_year', 'maximum_temperature_last_2_year', 'maximum_temperature_last_3_year', 'minimum_temperature_last_1_year', 'minimum_temperature_last_2_year', 'minimum_temperature_last_3_year', 'precipitation_last_1_year', 'precipitation_last_2_year', 'precipitation_last_3_year', 'snow_depth_last_1_year', 'snow_depth_last_2_year', 'snow_depth_last_3_year', 'wind_gust_last_1_year', 'wind_gust_last_2_year', 'wind_gust_last_3_year', 'dew_point_last_1_year', 'dew_point_last_2_year', 'dew_point_last_3_year', 'average_temperature_monthly_mean', 'maximum_temperature_monthly_mean', 'minimum_temperature_monthly_mean', 'precipitation_monthly_mean', 'snow_depth_monthly_mean', 'wind_gust_monthly_mean', 'dew_point_monthly_mean', 'average_temperature_last_1_year_monthly_mean', 'average_temperature_last_2_year_monthly_mean', 'average_temperature_last_3_year_monthly_mean', 'maximum_temperature_last_1_year_monthly_mean', 'maximum_temperature_last_2_year_monthly_mean', 'maximum_temperature_last_3_year_monthly_mean', 'minimum_temperature_last_1_year_monthly_mean', 'minimum_temperature_last_2_year_monthly_mean', 'minimum_temperature_last_3_year_monthly_mean', 'precipitation_last_1_year_monthly_mean', 'precipitation_last_2_year_monthly_mean', 'precipitation_last_3_year_monthly_mean', 'snow_depth_last_1_year_monthly_mean', 'snow_depth_last_2_year_monthly_mean', 'snow_depth_last_3_year_monthly_mean', 'wind_gust_last_1_year_monthly_mean', 'wind_gust_last_2_year_monthly_mean', 'wind_gust_last_3_year_monthly_mean', 'dew_point_last_1_year_monthly_mean', 'dew_point_last_2_year_monthly_mean', 'dew_point_last_3_year_monthly_mean', 'average_temperature_quarterly_mean', 'maximum_temperature_quarterly_mean', 'minimum_temperature_quarterly_mean', 'precipitation_quarterly_mean', 'snow_depth_quarterly_mean', 'wind_gust_quarterly_mean', 'dew_point_quarterly_mean', 'average_temperature_yearly_mean', 'maximum_temperature_yearly_mean', 'minimum_temperature_yearly_mean', 'precipitation_yearly_mean', 'snow_depth_yearly_mean', 'wind_gust_yearly_mean', 'dew_point_yearly_mean'] ['NDVI', 'SoilMoisture', 'latitude', 'longitude', 'sea_distance', 'day_of_week', 'day_of_year', 'is_weekend', 'is_holiday', 'average_temperature_lag_1', 'maximum_temperature_lag_1', 'minimum_temperature_lag_1', 'precipitation_lag_1', 'wind_speed_lag_1', 'maximum_sustained_wind_speed_lag_1', 'wind_gust_lag_1', 'dew_point_lag_1', 'snow_depth_lag_1', 'fog_lag_1', 'thunder_lag_1', 'average_temperature_lag_2', 'average_temperature_lag_3', 'average_temperature_lag_4', 'average_temperature_lag_5', 'average_temperature_lag_6', 'average_temperature_lag_7', 'maximum_temperature_lag_2', 'maximum_temperature_lag_3', 'maximum_temperature_lag_4', 'maximum_temperature_lag_5', 'maximum_temperature_lag_6', 'maximum_temperature_lag_7', 'minimum_temperature_lag_2', 'minimum_temperature_lag_3', 'minimum_temperature_lag_4', 'minimum_temperature_lag_5', 'minimum_temperature_lag_6', 'minimum_temperature_lag_7', 'precipitation_lag_2', 'precipitation_lag_3', 'precipitation_lag_4', 'precipitation_lag_5', 'precipitation_lag_6', 'precipitation_lag_7', 'wind_speed_lag_2', 'wind_speed_lag_3', 'wind_speed_lag_4', 'wind_speed_lag_5', 'wind_speed_lag_6', 'wind_speed_lag_7', 'maximum_sustained_wind_speed_lag_2', 'maximum_sustained_wind_speed_lag_3', 'maximum_sustained_wind_speed_lag_4', 'maximum_sustained_wind_speed_lag_5', 'maximum_sustained_wind_speed_lag_6', 'maximum_sustained_wind_speed_lag_7', 'wind_gust_lag_2', 'wind_gust_lag_3', 'wind_gust_lag_4', 'wind_gust_lag_5', 'wind_gust_lag_6', 'wind_gust_lag_7', 'dew_point_lag_2', 'dew_point_lag_3', 'dew_point_lag_4', 'dew_point_lag_5', 'dew_point_lag_6', 'dew_point_lag_7', 'snow_depth_lag_2', 'snow_depth_lag_3', 'snow_depth_lag_4', 'snow_depth_lag_5', 'snow_depth_lag_6', 'snow_depth_lag_7', 'fog_lag_2', 'fog_lag_3', 'fog_lag_4', 'fog_lag_5', 'fog_lag_6', 'fog_lag_7', 'thunder_lag_2', 'thunder_lag_3', 'thunder_lag_4', 'thunder_lag_5', 'thunder_lag_6', 'thunder_lag_7', 'average_temperature_weekly_mean', 'average_temperature_monthly_mean', 'average_temperature_quarterly_mean', 'average_temperature_yearly_mean', 'average_temperature_last_1_year', 'average_temperature_last_2_year', 'average_temperature_last_3_year', 'maximum_temperature_weekly_mean', 'maximum_temperature_monthly_mean', 'maximum_temperature_quarterly_mean', 'maximum_temperature_yearly_mean', 'maximum_temperature_last_1_year', 'maximum_temperature_last_2_year', 'maximum_temperature_last_3_year', 'minimum_temperature_weekly_mean', 'minimum_temperature_monthly_mean', 'minimum_temperature_quarterly_mean', 'minimum_temperature_yearly_mean', 'minimum_temperature_last_1_year', 'minimum_temperature_last_2_year', 'minimum_temperature_last_3_year', 'precipitation_weekly_mean', 'precipitation_monthly_mean', 'precipitation_quarterly_mean', 'precipitation_yearly_mean', 'precipitation_last_1_year', 'precipitation_last_2_year', 'precipitation_last_3_year', 'wind_gust_weekly_mean', 'wind_gust_monthly_mean', 'wind_gust_quarterly_mean', 'wind_gust_yearly_mean', 'wind_gust_last_1_year', 'wind_gust_last_2_year', 'wind_gust_last_3_year', 'dew_point_weekly_mean', 'dew_point_monthly_mean', 'dew_point_quarterly_mean', 'dew_point_yearly_mean', 'dew_point_last_1_year', 'dew_point_last_2_year', 'dew_point_last_3_year', 'snow_depth_weekly_mean', 'snow_depth_monthly_mean', 'snow_depth_quarterly_mean', 'snow_depth_yearly_mean', 'snow_depth_last_1_year', 'snow_depth_last_2_year', 'snow_depth_last_3_year']
expected minimum_temperature_last_3_year_monthly_mean, dew_point_last_1_year_monthly_mean, minimum_temperature_last_2_year_monthly_mean, snow_depth_last_3_year_monthly_mean, snow_depth_last_1_year_monthly_mean, wind_gust_last_1_year_monthly_mean, maximum_temperature_last_2_year_monthly_mean, maximum_temperature_last_1_year_monthly_mean, precipitation_last_3_year_monthly_mean, station_lat, average_temperature_last_2_year_monthly_mean, dew_point_last_2_year_monthly_mean, wind_gust_last_3_year_monthly_mean, wind_gust_last_2_year_monthly_mean, snow_depth_last_2_year_monthly_mean, precipitation_last_1_year_monthly_mean, average_temperature_last_1_year_monthly_mean, dew_point_last_3_year_monthly_mean, station_lon, minimum_temperature_last_1_year_monthly_mean, average_temperature_last_3_year_monthly_mean, maximum_temperature_last_3_year_monthly_mean, precipitation_last_2_year_monthly_mean in input data. Використовую симуляцію.
2026-06-09 13:27:59 | INFO     | src.visualization.firms_loader | FIRMS: запит → https://firms.modaps.eosdis.nasa.gov/api/area/csv/2b55f93cb3b9ee472973e34016334f09/VIIRS_SNPP_NRT/-13.5,27.5,-1.0,35.8/10
2026-06-09 13:28:00 | WARNING  | src.visualization.firms_loader | FIRMS: помилка API (400 Client Error: Bad Request for url: https://firms.modaps.eosdis.nasa.gov/api/area/csv/2b55f93cb3b9ee472973e34016334f09/VIIRS_SNPP_NRT/-13.5,27.5,-1.0,35.8/10), використовую мок дані
2026-06-09 13:28:37 | INFO     | src.explainability.shap_explainer | SHAP TreeExplainer завантажено
2026-06-09 13:34:13 | INFO     | src.data.loader              | Завантажую: D:\projects\pycharm\ffis\data\Date_final_dataset_balanced_float32.parquet
2026-06-09 13:34:14 | INFO     | src.data.loader              | Завантажено: (934586, 278) | 1043.0 MB
2026-06-09 13:34:14 | INFO     | src.data.loader              | Валідація: OK (278 колонок)
2026-06-09 13:34:14 | INFO     | src.data.loader              | Баланс: {1: 467293, 0: 467293}
2026-06-09 13:34:14 | INFO     | src.data.loader              | Вибірка 200000 рядків
2026-06-09 13:34:16 | INFO     | src.data.loader              | Після вибірки: (200000, 250) | is_fire: True
2026-06-09 13:34:16 | INFO     | src.data.loader              | Фінальний розмір: (200000, 250)
2026-06-09 13:35:40 | WARNING  | app.state.session            | Помилка реального прогнозу: feature_names mismatch: ['latitude', 'longitude', 'is_holiday', 'day_of_week', 'day_of_year', 'is_weekend', 'NDVI', 'SoilMoisture', 'sea_distance', 'station_lat', 'station_lon', 'average_temperature_lag_1', 'average_temperature_lag_2', 'average_temperature_lag_3', 'average_temperature_lag_4', 'average_temperature_lag_5', 'average_temperature_lag_6', 'average_temperature_lag_7', 'maximum_temperature_lag_1', 'maximum_temperature_lag_2', 'maximum_temperature_lag_3', 'maximum_temperature_lag_4', 'maximum_temperature_lag_5', 'maximum_temperature_lag_6', 'maximum_temperature_lag_7', 'minimum_temperature_lag_1', 'minimum_temperature_lag_2', 'minimum_temperature_lag_3', 'minimum_temperature_lag_4', 'minimum_temperature_lag_5', 'minimum_temperature_lag_6', 'minimum_temperature_lag_7', 'precipitation_lag_1', 'precipitation_lag_2', 'precipitation_lag_3', 'precipitation_lag_4', 'precipitation_lag_5', 'precipitation_lag_6', 'precipitation_lag_7', 'snow_depth_lag_1', 'snow_depth_lag_2', 'snow_depth_lag_3', 'snow_depth_lag_4', 'snow_depth_lag_5', 'snow_depth_lag_6', 'snow_depth_lag_7', 'wind_speed_lag_1', 'wind_speed_lag_2', 'wind_speed_lag_3', 'wind_speed_lag_4', 'wind_speed_lag_5', 'wind_speed_lag_6', 'wind_speed_lag_7', 'maximum_sustained_wind_speed_lag_1', 'maximum_sustained_wind_speed_lag_2', 'maximum_sustained_wind_speed_lag_3', 'maximum_sustained_wind_speed_lag_4', 'maximum_sustained_wind_speed_lag_5', 'maximum_sustained_wind_speed_lag_6', 'maximum_sustained_wind_speed_lag_7', 'wind_gust_lag_1', 'wind_gust_lag_2', 'wind_gust_lag_3', 'wind_gust_lag_4', 'wind_gust_lag_5', 'wind_gust_lag_6', 'wind_gust_lag_7', 'dew_point_lag_1', 'dew_point_lag_2', 'dew_point_lag_3', 'dew_point_lag_4', 'dew_point_lag_5', 'dew_point_lag_6', 'dew_point_lag_7', 'fog_lag_1', 'fog_lag_2', 'fog_lag_3', 'fog_lag_4', 'fog_lag_5', 'fog_lag_6', 'fog_lag_7', 'thunder_lag_1', 'thunder_lag_2', 'thunder_lag_3', 'thunder_lag_4', 'thunder_lag_5', 'thunder_lag_6', 'thunder_lag_7', 'average_temperature_weekly_mean', 'maximum_temperature_weekly_mean', 'minimum_temperature_weekly_mean', 'precipitation_weekly_mean', 'snow_depth_weekly_mean', 'wind_gust_weekly_mean', 'dew_point_weekly_mean', 'average_temperature_last_1_year', 'average_temperature_last_2_year', 'average_temperature_last_3_year', 'maximum_temperature_last_1_year', 'maximum_temperature_last_2_year', 'maximum_temperature_last_3_year', 'minimum_temperature_last_1_year', 'minimum_temperature_last_2_year', 'minimum_temperature_last_3_year', 'precipitation_last_1_year', 'precipitation_last_2_year', 'precipitation_last_3_year', 'snow_depth_last_1_year', 'snow_depth_last_2_year', 'snow_depth_last_3_year', 'wind_gust_last_1_year', 'wind_gust_last_2_year', 'wind_gust_last_3_year', 'dew_point_last_1_year', 'dew_point_last_2_year', 'dew_point_last_3_year', 'average_temperature_monthly_mean', 'maximum_temperature_monthly_mean', 'minimum_temperature_monthly_mean', 'precipitation_monthly_mean', 'snow_depth_monthly_mean', 'wind_gust_monthly_mean', 'dew_point_monthly_mean', 'average_temperature_last_1_year_monthly_mean', 'average_temperature_last_2_year_monthly_mean', 'average_temperature_last_3_year_monthly_mean', 'maximum_temperature_last_1_year_monthly_mean', 'maximum_temperature_last_2_year_monthly_mean', 'maximum_temperature_last_3_year_monthly_mean', 'minimum_temperature_last_1_year_monthly_mean', 'minimum_temperature_last_2_year_monthly_mean', 'minimum_temperature_last_3_year_monthly_mean', 'precipitation_last_1_year_monthly_mean', 'precipitation_last_2_year_monthly_mean', 'precipitation_last_3_year_monthly_mean', 'snow_depth_last_1_year_monthly_mean', 'snow_depth_last_2_year_monthly_mean', 'snow_depth_last_3_year_monthly_mean', 'wind_gust_last_1_year_monthly_mean', 'wind_gust_last_2_year_monthly_mean', 'wind_gust_last_3_year_monthly_mean', 'dew_point_last_1_year_monthly_mean', 'dew_point_last_2_year_monthly_mean', 'dew_point_last_3_year_monthly_mean', 'average_temperature_quarterly_mean', 'maximum_temperature_quarterly_mean', 'minimum_temperature_quarterly_mean', 'precipitation_quarterly_mean', 'snow_depth_quarterly_mean', 'wind_gust_quarterly_mean', 'dew_point_quarterly_mean', 'average_temperature_yearly_mean', 'maximum_temperature_yearly_mean', 'minimum_temperature_yearly_mean', 'precipitation_yearly_mean', 'snow_depth_yearly_mean', 'wind_gust_yearly_mean', 'dew_point_yearly_mean'] ['NDVI', 'SoilMoisture', 'latitude', 'longitude', 'sea_distance', 'day_of_week', 'day_of_year', 'is_weekend', 'is_holiday', 'average_temperature_lag_1', 'maximum_temperature_lag_1', 'minimum_temperature_lag_1', 'precipitation_lag_1', 'wind_speed_lag_1', 'maximum_sustained_wind_speed_lag_1', 'wind_gust_lag_1', 'dew_point_lag_1', 'snow_depth_lag_1', 'fog_lag_1', 'thunder_lag_1', 'average_temperature_lag_2', 'average_temperature_lag_3', 'average_temperature_lag_4', 'average_temperature_lag_5', 'average_temperature_lag_6', 'average_temperature_lag_7', 'maximum_temperature_lag_2', 'maximum_temperature_lag_3', 'maximum_temperature_lag_4', 'maximum_temperature_lag_5', 'maximum_temperature_lag_6', 'maximum_temperature_lag_7', 'minimum_temperature_lag_2', 'minimum_temperature_lag_3', 'minimum_temperature_lag_4', 'minimum_temperature_lag_5', 'minimum_temperature_lag_6', 'minimum_temperature_lag_7', 'precipitation_lag_2', 'precipitation_lag_3', 'precipitation_lag_4', 'precipitation_lag_5', 'precipitation_lag_6', 'precipitation_lag_7', 'wind_speed_lag_2', 'wind_speed_lag_3', 'wind_speed_lag_4', 'wind_speed_lag_5', 'wind_speed_lag_6', 'wind_speed_lag_7', 'maximum_sustained_wind_speed_lag_2', 'maximum_sustained_wind_speed_lag_3', 'maximum_sustained_wind_speed_lag_4', 'maximum_sustained_wind_speed_lag_5', 'maximum_sustained_wind_speed_lag_6', 'maximum_sustained_wind_speed_lag_7', 'wind_gust_lag_2', 'wind_gust_lag_3', 'wind_gust_lag_4', 'wind_gust_lag_5', 'wind_gust_lag_6', 'wind_gust_lag_7', 'dew_point_lag_2', 'dew_point_lag_3', 'dew_point_lag_4', 'dew_point_lag_5', 'dew_point_lag_6', 'dew_point_lag_7', 'snow_depth_lag_2', 'snow_depth_lag_3', 'snow_depth_lag_4', 'snow_depth_lag_5', 'snow_depth_lag_6', 'snow_depth_lag_7', 'fog_lag_2', 'fog_lag_3', 'fog_lag_4', 'fog_lag_5', 'fog_lag_6', 'fog_lag_7', 'thunder_lag_2', 'thunder_lag_3', 'thunder_lag_4', 'thunder_lag_5', 'thunder_lag_6', 'thunder_lag_7', 'average_temperature_weekly_mean', 'average_temperature_monthly_mean', 'average_temperature_quarterly_mean', 'average_temperature_yearly_mean', 'average_temperature_last_1_year', 'average_temperature_last_2_year', 'average_temperature_last_3_year', 'maximum_temperature_weekly_mean', 'maximum_temperature_monthly_mean', 'maximum_temperature_quarterly_mean', 'maximum_temperature_yearly_mean', 'maximum_temperature_last_1_year', 'maximum_temperature_last_2_year', 'maximum_temperature_last_3_year', 'minimum_temperature_weekly_mean', 'minimum_temperature_monthly_mean', 'minimum_temperature_quarterly_mean', 'minimum_temperature_yearly_mean', 'minimum_temperature_last_1_year', 'minimum_temperature_last_2_year', 'minimum_temperature_last_3_year', 'precipitation_weekly_mean', 'precipitation_monthly_mean', 'precipitation_quarterly_mean', 'precipitation_yearly_mean', 'precipitation_last_1_year', 'precipitation_last_2_year', 'precipitation_last_3_year', 'wind_gust_weekly_mean', 'wind_gust_monthly_mean', 'wind_gust_quarterly_mean', 'wind_gust_yearly_mean', 'wind_gust_last_1_year', 'wind_gust_last_2_year', 'wind_gust_last_3_year', 'dew_point_weekly_mean', 'dew_point_monthly_mean', 'dew_point_quarterly_mean', 'dew_point_yearly_mean', 'dew_point_last_1_year', 'dew_point_last_2_year', 'dew_point_last_3_year', 'snow_depth_weekly_mean', 'snow_depth_monthly_mean', 'snow_depth_quarterly_mean', 'snow_depth_yearly_mean', 'snow_depth_last_1_year', 'snow_depth_last_2_year', 'snow_depth_last_3_year']
expected minimum_temperature_last_3_year_monthly_mean, dew_point_last_1_year_monthly_mean, minimum_temperature_last_2_year_monthly_mean, snow_depth_last_3_year_monthly_mean, snow_depth_last_1_year_monthly_mean, wind_gust_last_1_year_monthly_mean, maximum_temperature_last_2_year_monthly_mean, maximum_temperature_last_1_year_monthly_mean, precipitation_last_3_year_monthly_mean, station_lat, average_temperature_last_2_year_monthly_mean, dew_point_last_2_year_monthly_mean, wind_gust_last_3_year_monthly_mean, wind_gust_last_2_year_monthly_mean, snow_depth_last_2_year_monthly_mean, precipitation_last_1_year_monthly_mean, average_temperature_last_1_year_monthly_mean, dew_point_last_3_year_monthly_mean, station_lon, minimum_temperature_last_1_year_monthly_mean, average_temperature_last_3_year_monthly_mean, maximum_temperature_last_3_year_monthly_mean, precipitation_last_2_year_monthly_mean in input data. Використовую симуляцію.
